Archive member included to satisfy reference by file (symbol)

c:/st/stm32cubeide_1.9.0/stm32cubeide/plugins/com.st.stm32cube.ide.mcu.externaltools.gnu-tools-for-stm32.10.3-2021.10.win32_1.0.0.202111181127/tools/bin/../lib/gcc/arm-none-eabi/10.3.1/../../../../arm-none-eabi/lib/thumb/v7e-m/nofp\libc_nano.a(lib_a-errno.o)
                              ./Application/User/Core/syscalls.o (__errno)
c:/st/stm32cubeide_1.9.0/stm32cubeide/plugins/com.st.stm32cube.ide.mcu.externaltools.gnu-tools-for-stm32.10.3-2021.10.win32_1.0.0.202111181127/tools/bin/../lib/gcc/arm-none-eabi/10.3.1/../../../../arm-none-eabi/lib/thumb/v7e-m/nofp\libc_nano.a(lib_a-exit.o)
                              c:/st/stm32cubeide_1.9.0/stm32cubeide/plugins/com.st.stm32cube.ide.mcu.externaltools.gnu-tools-for-stm32.10.3-2021.10.win32_1.0.0.202111181127/tools/bin/../lib/gcc/arm-none-eabi/10.3.1/../../../../arm-none-eabi/lib/thumb/v7e-m/nofp/crt0.o (exit)
c:/st/stm32cubeide_1.9.0/stm32cubeide/plugins/com.st.stm32cube.ide.mcu.externaltools.gnu-tools-for-stm32.10.3-2021.10.win32_1.0.0.202111181127/tools/bin/../lib/gcc/arm-none-eabi/10.3.1/../../../../arm-none-eabi/lib/thumb/v7e-m/nofp\libc_nano.a(lib_a-impure.o)
                              c:/st/stm32cubeide_1.9.0/stm32cubeide/plugins/com.st.stm32cube.ide.mcu.externaltools.gnu-tools-for-stm32.10.3-2021.10.win32_1.0.0.202111181127/tools/bin/../lib/gcc/arm-none-eabi/10.3.1/../../../../arm-none-eabi/lib/thumb/v7e-m/nofp\libc_nano.a(lib_a-exit.o) (_global_impure_ptr)
c:/st/stm32cubeide_1.9.0/stm32cubeide/plugins/com.st.stm32cube.ide.mcu.externaltools.gnu-tools-for-stm32.10.3-2021.10.win32_1.0.0.202111181127/tools/bin/../lib/gcc/arm-none-eabi/10.3.1/../../../../arm-none-eabi/lib/thumb/v7e-m/nofp\libc_nano.a(lib_a-init.o)
                              c:/st/stm32cubeide_1.9.0/stm32cubeide/plugins/com.st.stm32cube.ide.mcu.externaltools.gnu-tools-for-stm32.10.3-2021.10.win32_1.0.0.202111181127/tools/bin/../lib/gcc/arm-none-eabi/10.3.1/../../../../arm-none-eabi/lib/thumb/v7e-m/nofp/crt0.o (__libc_init_array)
c:/st/stm32cubeide_1.9.0/stm32cubeide/plugins/com.st.stm32cube.ide.mcu.externaltools.gnu-tools-for-stm32.10.3-2021.10.win32_1.0.0.202111181127/tools/bin/../lib/gcc/arm-none-eabi/10.3.1/../../../../arm-none-eabi/lib/thumb/v7e-m/nofp\libc_nano.a(lib_a-memcpy-stub.o)
                              ./Application/User/SubGHz_Phy/App/subghz_phy_app.o (memcpy)
c:/st/stm32cubeide_1.9.0/stm32cubeide/plugins/com.st.stm32cube.ide.mcu.externaltools.gnu-tools-for-stm32.10.3-2021.10.win32_1.0.0.202111181127/tools/bin/../lib/gcc/arm-none-eabi/10.3.1/../../../../arm-none-eabi/lib/thumb/v7e-m/nofp\libc_nano.a(lib_a-memset.o)
                              c:/st/stm32cubeide_1.9.0/stm32cubeide/plugins/com.st.stm32cube.ide.mcu.externaltools.gnu-tools-for-stm32.10.3-2021.10.win32_1.0.0.202111181127/tools/bin/../lib/gcc/arm-none-eabi/10.3.1/../../../../arm-none-eabi/lib/thumb/v7e-m/nofp/crt0.o (memset)
c:/st/stm32cubeide_1.9.0/stm32cubeide/plugins/com.st.stm32cube.ide.mcu.externaltools.gnu-tools-for-stm32.10.3-2021.10.win32_1.0.0.202111181127/tools/bin/../lib/gcc/arm-none-eabi/10.3.1/../../../../arm-none-eabi/lib/thumb/v7e-m/nofp\libc_nano.a(lib_a-nano-vfprintf_float.o)
                              (_printf_float)
c:/st/stm32cubeide_1.9.0/stm32cubeide/plugins/com.st.stm32cube.ide.mcu.externaltools.gnu-tools-for-stm32.10.3-2021.10.win32_1.0.0.202111181127/tools/bin/../lib/gcc/arm-none-eabi/10.3.1/../../../../arm-none-eabi/lib/thumb/v7e-m/nofp\libc_nano.a(lib_a-nano-vfprintf_i.o)
                              c:/st/stm32cubeide_1.9.0/stm32cubeide/plugins/com.st.stm32cube.ide.mcu.externaltools.gnu-tools-for-stm32.10.3-2021.10.win32_1.0.0.202111181127/tools/bin/../lib/gcc/arm-none-eabi/10.3.1/../../../../arm-none-eabi/lib/thumb/v7e-m/nofp\libc_nano.a(lib_a-nano-vfprintf_float.o) (_printf_common)
c:/st/stm32cubeide_1.9.0/stm32cubeide/plugins/com.st.stm32cube.ide.mcu.externaltools.gnu-tools-for-stm32.10.3-2021.10.win32_1.0.0.202111181127/tools/bin/../lib/gcc/arm-none-eabi/10.3.1/../../../../arm-none-eabi/lib/thumb/v7e-m/nofp\libc_nano.a(lib_a-rand.o)
                              ./Application/User/SubGHz_Phy/App/subghz_phy_app.o (srand)
c:/st/stm32cubeide_1.9.0/stm32cubeide/plugins/com.st.stm32cube.ide.mcu.externaltools.gnu-tools-for-stm32.10.3-2021.10.win32_1.0.0.202111181127/tools/bin/../lib/gcc/arm-none-eabi/10.3.1/../../../../arm-none-eabi/lib/thumb/v7e-m/nofp\libc_nano.a(lib_a-strlen.o)
                              ./Application/User/Core/sys_app.o (strlen)
c:/st/stm32cubeide_1.9.0/stm32cubeide/plugins/com.st.stm32cube.ide.mcu.externaltools.gnu-tools-for-stm32.10.3-2021.10.win32_1.0.0.202111181127/tools/bin/../lib/gcc/arm-none-eabi/10.3.1/../../../../arm-none-eabi/lib/thumb/v7e-m/nofp\libc_nano.a(lib_a-assert.o)
[...]
Memory Configuration

Name             Origin             Length             Attributes
RAM              0x0000000020000000 0x0000000000010000 xrw
RAM2             0x0000000010000000 0x0000000000008000 xrw
FLASH            0x0000000008000000 0x0000000000040000 xr
*default*        0x0000000000000000 0xffffffffffffffff

Linker script and memory map

LOAD c:/st/stm32cubeide_1.9.0/stm32cubeide/plugins/com.st.stm32cube.ide.mcu.externaltools.gnu-tools-for-stm32.10.3-2021.10.win32_1.0.0.202111181127/tools/bin/../lib/gcc/arm-none-eabi/10.3.1/thumb/v7e-m/nofp/crti.o
LOAD c:/st/stm32cubeide_1.9.0/stm32cubeide/plugins/com.st.stm32cube.ide.mcu.externaltools.gnu-tools-for-stm32.10.3-2021.10.win32_1.0.0.202111181127/tools/bin/../lib/gcc/arm-none-eabi/10.3.1/thumb/v7e-m/nofp/crtbegin.o
LOAD c:/st/stm32cubeide_1.9.0/stm32cubeide/plugins/com.st.stm32cube.ide.mcu.externaltools.gnu-tools-for-stm32.10.3-2021.10.win32_1.0.0.202111181127/tools/bin/../lib/gcc/arm-none-eabi/10.3.1/../../../../arm-none-eabi/lib/thumb/v7e-m/nofp/crt0.o
LOAD ./Application/User/Core/adc.o
LOAD ./Application/User/Core/battery_read.o
LOAD ./Application/User/Core/dma.o
LOAD ./Application/User/Core/gpio.o
LOAD ./Application/User/Core/main.o
LOAD ./Application/User/Core/rtc.o
LOAD ./Application/User/Core/stm32_lpm_if.o
LOAD ./Application/User/Core/stm32wlxx_hal_msp.o
LOAD ./Application/User/Core/stm32wlxx_it.o
LOAD ./Application/User/Core/subghz.o
LOAD ./Application/User/Core/sys_app.o
LOAD ./Application/User/Core/sys_debug.o
LOAD ./Application/User/Core/syscalls.o
LOAD ./Application/User/Core/sysmem.o
LOAD ./Application/User/Core/timer_if.o
LOAD ./Application/User/Core/usart.o
LOAD ./Application/User/Core/usart_if.o
LOAD ./Application/User/Startup/startup_stm32wle5jcix.o
LOAD ./Application/User/SubGHz_Phy/App/app_subghz_phy.o
LOAD ./Application/User/SubGHz_Phy/App/subghz_phy_app.o
LOAD ./Application/User/SubGHz_Phy/Target/radio_board_if.o
LOAD ./Drivers/BSP/STM32WLxx_LoRa_E5_mini/stm32wlxx_LoRa_E5_mini.o
LOAD ./Drivers/BSP/STM32WLxx_LoRa_E5_mini/stm32wlxx_LoRa_E5_mini_radio.o
LOAD ./Drivers/CMSIS/system_stm32wlxx.o
LOAD ./Drivers/STM32WLxx_HAL_Driver/stm32wlxx_hal.o
LOAD ./Drivers/STM32WLxx_HAL_Driver/stm32wlxx_hal_adc.o
LOAD ./Drivers/STM32WLxx_HAL_Driver/stm32wlxx_hal_adc_ex.o
LOAD ./Drivers/STM32WLxx_HAL_Driver/stm32wlxx_hal_cortex.o
LOAD ./Drivers/STM32WLxx_HAL_Driver/stm32wlxx_hal_dma.o
LOAD ./Drivers/STM32WLxx_HAL_Driver/stm32wlxx_hal_dma_ex.o
LOAD ./Drivers/STM32WLxx_HAL_Driver/stm32wlxx_hal_exti.o
LOAD ./Drivers/STM32WLxx_HAL_Driver/stm32wlxx_hal_flash.o
LOAD ./Drivers/STM32WLxx_HAL_Driver/stm32wlxx_hal_flash_ex.o
LOAD ./Drivers/STM32WLxx_HAL_Driver/stm32wlxx_hal_gpio.o
LOAD ./Drivers/STM32WLxx_HAL_Driver/stm32wlxx_hal_pwr.o
LOAD ./Drivers/STM32WLxx_HAL_Driver/stm32wlxx_hal_pwr_ex.o
LOAD ./Drivers/STM32WLxx_HAL_Driver/stm32wlxx_hal_rcc.o
LOAD ./Drivers/STM32WLxx_HAL_Driver/stm32wlxx_hal_rcc_ex.o
LOAD ./Drivers/STM32WLxx_HAL_Driver/stm32wlxx_hal_rtc.o
LOAD ./Drivers/STM32WLxx_HAL_Driver/stm32wlxx_hal_rtc_ex.o
LOAD ./Drivers/STM32WLxx_HAL_Driver/stm32wlxx_hal_subghz.o
LOAD ./Drivers/STM32WLxx_HAL_Driver/stm32wlxx_hal_tim.o
LOAD ./Drivers/STM32WLxx_HAL_Driver/stm32wlxx_hal_tim_ex.o
LOAD ./Drivers/STM32WLxx_HAL_Driver/stm32wlxx_hal_uart.o
LOAD ./Drivers/STM32WLxx_HAL_Driver/stm32wlxx_hal_uart_ex.o
LOAD ./Drivers/STM32WLxx_HAL_Driver/stm32wlxx_ll_adc.o
LOAD ./Middlewares/SubGHz_Phy/radio.o
LOAD ./Middlewares/SubGHz_Phy/radio_driver.o
LOAD ./Middlewares/SubGHz_Phy/radio_fw.o
LOAD ./Utilities/stm32_adv_trace.o
LOAD ./Utilities/stm32_lpm.o
LOAD ./Utilities/stm32_mem.o
LOAD ./Utilities/stm32_seq.o
LOAD ./Utilities/stm32_systime.o
LOAD ./Utilities/stm32_timer.o
LOAD ./Utilities/stm32_tiny_sscanf.o
LOAD ./Utilities/stm32_tiny_vsnprintf.o
START GROUP
LOAD c:/st/stm32cubeide_1.9.0/stm32cubeide/plugins/com.st.stm32cube.ide.mcu.externaltools.gnu-tools-for-stm32.10.3-2021.10.win32_1.0.0.202111181127/tools/bin/../lib/gcc/arm-none-eabi/10.3.1/../../../../arm-none-eabi/lib/thumb/v7e-m/nofp\libc_nano.a
LOAD c:/st/stm32cubeide_1.9.0/stm32cubeide/plugins/com.st.stm32cube.ide.mcu.externaltools.gnu-tools-for-stm32.10.3-2021.10.win32_1.0.0.202111181127/tools/bin/../lib/gcc/arm-none-eabi/10.3.1/../../../../arm-none-eabi/lib/thumb/v7e-m/nofp\libm.a
END GROUP
START GROUP
LOAD c:/st/stm32cubeide_1.9.0/stm32cubeide/plugins/com.st.stm32cube.ide.mcu.externaltools.gnu-tools-for-stm32.10.3-2021.10.win32_1.0.0.202111181127/tools/bin/../lib/gcc/arm-none-eabi/10.3.1/thumb/v7e-m/nofp\libgcc.a
LOAD c:/st/stm32cubeide_1.9.0/stm32cubeide/plugins/com.st.stm32cube.ide.mcu.externaltools.gnu-tools-for-stm32.10.3-2021.10.win32_1.0.0.202111181127/tools/bin/../lib/gcc/arm-none-eabi/10.3.1/../../../../arm-none-eabi/lib/thumb/v7e-m/nofp\libc_nano.a
END GROUP
START GROUP
LOAD c:/st/stm32cubeide_1.9.0/stm32cubeide/plugins/com.st.stm32cube.ide.mcu.externaltools.gnu-tools-for-stm32.10.3-2021.10.win32_1.0.0.202111181127/tools/bin/../lib/gcc/arm-none-eabi/10.3.1/thumb/v7e-m/nofp\libgcc.a
LOAD c:/st/stm32cubeide_1.9.0/stm32cubeide/plugins/com.st.stm32cube.ide.mcu.externaltools.gnu-tools-for-stm32.10.3-2021.10.win32_1.0.0.202111181127/tools/bin/../lib/gcc/arm-none-eabi/10.3.1/../../../../arm-none-eabi/lib/thumb/v7e-m/nofp\libc_nano.a
LOAD c:/st/stm32cubeide_1.9.0/stm32cubeide/plugins/com.st.stm32cube.ide.mcu.externaltools.gnu-tools-for-stm32.10.3-2021.10.win32_1.0.0.202111181127/tools/bin/../lib/gcc/arm-none-eabi/10.3.1/../../../../arm-none-eabi/lib/thumb/v7e-m/nofp\libnosys.a
END GROUP
START GROUP
LOAD c:/st/stm32cubeide_1.9.0/stm32cubeide/plugins/com.st.stm32cube.ide.mcu.externaltools.gnu-tools-for-stm32.10.3-2021.10.win32_1.0.0.202111181127/tools/bin/../lib/gcc/arm-none-eabi/10.3.1/thumb/v7e-m/nofp\libgcc.a
LOAD c:/st/stm32cubeide_1.9.0/stm32cubeide/plugins/com.st.stm32cube.ide.mcu.externaltools.gnu-tools-for-stm32.10.3-2021.10.win32_1.0.0.202111181127/tools/bin/../lib/gcc/arm-none-eabi/10.3.1/../../../../arm-none-eabi/lib/thumb/v7e-m/nofp\libc_nano.a
LOAD c:/st/stm32cubeide_1.9.0/stm32cubeide/plugins/com.st.stm32cube.ide.mcu.externaltools.gnu-tools-for-stm32.10.3-2021.10.win32_1.0.0.202111181127/tools/bin/../lib/gcc/arm-none-eabi/10.3.1/../../../../arm-none-eabi/lib/thumb/v7e-m/nofp\libnosys.a
END GROUP
LOAD c:/st/stm32cubeide_1.9.0/stm32cubeide/plugins/com.st.stm32cube.ide.mcu.externaltools.gnu-tools-for-stm32.10.3-2021.10.win32_1.0.0.202111181127/tools/bin/../lib/gcc/arm-none-eabi/10.3.1/thumb/v7e-m/nofp/crtend.o
LOAD c:/st/stm32cubeide_1.9.0/stm32cubeide/plugins/com.st.stm32cube.ide.mcu.externaltools.gnu-tools-for-stm32.10.3-2021.10.win32_1.0.0.202111181127/tools/bin/../lib/gcc/arm-none-eabi/10.3.1/thumb/v7e-m/nofp/crtn.o
                0x0000000020010000                _estack = (ORIGIN (RAM) + LENGTH (RAM))
                0x0000000000000200                _Min_Heap_Size = 0x200
                0x0000000000000400                _Min_Stack_Size = 0x400

.isr_vector     0x0000000008000000      0x138
                0x0000000008000000                . = ALIGN (0x4)
 *(.isr_vector)
 .isr_vector    0x0000000008000000      0x138 ./Application/User/Startup/startup_stm32wle5jcix.o
                0x0000000008000000                g_pfnVectors
                0x0000000008000138                . = ALIGN (0x4)

.text           0x0000000008000140    0x108bc
                0x0000000008000140                . = ALIGN (0x4)
 *(.text)
 .text          0x0000000008000140       0x40 c:/st/stm32cubeide_1.9.0/stm32cubeide/plugins/com.st.stm32cube.ide.mcu.externaltools.gnu-tools-for-stm32.10.3-2021.10.win32_1.0.0.202111181127/tools/bin/../lib/gcc/arm-none-eabi/10.3.1/thumb/v7e-m/nofp/crtbegin.o
 .text          0x0000000008000180       0x10 c:/st/stm32cubeide_1.9.0/stm32cubeide/plugins/com.st.stm32cube.ide.mcu.externaltools.gnu-tools-for-stm32.10.3-2021.10.win32_1.0.0.202111181127/tools/bin/../lib/gcc/arm-none-eabi/10.3.1/../../../../arm-none-eabi/lib/thumb/v7e-m/nofp\libc_nano.a(lib_a-strlen.o)
                0x0000000008000180                strlen
 .text          0x0000000008000190       0xa0 c:/st/stm32cubeide_1.9.0/stm32cubeide/plugins/com.st.stm32cube.ide.mcu.externaltools.gnu-tools-for-stm32.10.3-2021.10.win32_1.0.0.202111181127/tools/bin/../lib/gcc/arm-none-eabi/10.3.1/../../../../arm-none-eabi/lib/thumb/v7e-m/nofp\libc_nano.a(lib_a-memchr.o)
                0x0000000008000190                memchr
 .text          0x0000000008000230      0x378 c:/st/stm32cubeide_1.9.0/stm32cubeide/plugins/com.st.stm32cube.ide.mcu.externaltools.gnu-tools-for-stm32.10.3-2021.10.win32_1.0.0.202111181127/tools/bin/../lib/gcc/arm-none-eabi/10.3.1/thumb/v7e-m/nofp\libgcc.a(_arm_addsubdf3.o)
                0x0000000008000230                __aeabi_drsub
                0x0000000008000238                __aeabi_dsub
                0x0000000008000238                __subdf3
                0x000000000800023c                __aeabi_dadd
                0x000000000800023c                __adddf3
                0x00000000080004b4                __floatunsidf
                0x00000000080004b4                __aeabi_ui2d
                0x00000000080004d4                __floatsidf
                0x00000000080004d4                __aeabi_i2d
                0x00000000080004f8                __aeabi_f2d
                0x00000000080004f8                __extendsfdf2
                0x000000000800053c                __floatundidf
                0x000000000800053c                __aeabi_ul2d
                0x000000000800054c                __floatdidf
                0x000000000800054c                __aeabi_l2d
 .text          0x00000000080005a8      0x424 c:/st/stm32cubeide_1.9.0/stm32cubeide/plugins/com.st.stm32cube.ide.mcu.externaltools.gnu-tools-for-stm32.10.3-2021.10.win32_1.0.0.202111181127/tools/bin/../lib/gcc/arm-none-eabi/10.3.1/thumb/v7e-m/nofp\libgcc.a(_arm_muldivdf3.o)
                0x00000000080005a8                __aeabi_dmul
                0x00000000080005a8                __muldf3
                0x00000000080007fc                __divdf3
                0x00000000080007fc                __aeabi_ddiv
 .text          0x00000000080009cc      0x110 c:/st/stm32cubeide_1.9.0/stm32cubeide/plugins/com.st.stm32cube.ide.mcu.externaltools.gnu-tools-for-stm32.10.3-2021.10.win32_1.0.0.202111181127/tools/bin/../lib/gcc/arm-none-eabi/10.3.1/thumb/v7e-m/nofp\libgcc.a(_arm_cmpdf2.o)
                0x00000000080009cc                __gtdf2
                0x00000000080009cc                __gedf2
                0x00000000080009d4                __ltdf2
                0x00000000080009d4                __ledf2
                0x00000000080009dc                __nedf2
                0x00000000080009dc                __eqdf2
                0x00000000080009dc                __cmpdf2
                0x0000000008000a58                __aeabi_cdrcmple
                0x0000000008000a68                __aeabi_cdcmpeq
                0x0000000008000a68                __aeabi_cdcmple
                0x0000000008000a78                __aeabi_dcmpeq
                0x0000000008000a8c                __aeabi_dcmplt
                0x0000000008000aa0                __aeabi_dcmple
                0x0000000008000ab4                __aeabi_dcmpge
                0x0000000008000ac8                __aeabi_dcmpgt
 .text          0x0000000008000adc       0x2c c:/st/stm32cubeide_1.9.0/stm32cubeide/plugins/com.st.stm32cube.ide.mcu.externaltools.gnu-tools-for-stm32.10.3-2021.10.win32_1.0.0.202111181127/tools/bin/../lib/gcc/arm-none-eabi/10.3.1/thumb/v7e-m/nofp\libgcc.a(_arm_unorddf2.o)
                0x0000000008000adc                __unorddf2
                0x0000000008000adc                __aeabi_dcmpun
 .text          0x0000000008000b08       0x50 c:/st/stm32cubeide_1.9.0/stm32cubeide/plugins/com.st.stm32cube.ide.mcu.externaltools.gnu-tools-for-stm32.10.3-2021.10.win32_1.0.0.202111181127/tools/bin/../lib/gcc/arm-none-eabi/10.3.1/thumb/v7e-m/nofp\libgcc.a(_arm_fixdfsi.o)
                0x0000000008000b08                __aeabi_d2iz
                0x0000000008000b08                __fixdfsi
 .text          0x0000000008000b58       0xa0 c:/st/stm32cubeide_1.9.0/stm32cubeide/plugins/com.st.stm32cube.ide.mcu.externaltools.gnu-tools-for-stm32.10.3-2021.10.win32_1.0.0.202111181127/tools/bin/../lib/gcc/arm-none-eabi/10.3.1/thumb/v7e-m/nofp\libgcc.a(_arm_truncdfsf2.o)
                0x0000000008000b58                __truncdfsf2
                0x0000000008000b58                __aeabi_d2f
 .text          0x0000000008000bf8      0x21c c:/st/stm32cubeide_1.9.0/stm32cubeide/plugins/com.st.stm32cube.ide.mcu.externaltools.gnu-tools-for-stm32.10.3-2021.10.win32_1.0.0.202111181127/tools/bin/../lib/gcc/arm-none-eabi/10.3.1/thumb/v7e-m/nofp\libgcc.a(_arm_addsubsf3.o)
                0x0000000008000bf8                __aeabi_frsub
                0x0000000008000c00                __subsf3
                0x0000000008000c00                __aeabi_fsub
                0x0000000008000c04                __aeabi_fadd
                0x0000000008000c04                __addsf3
                0x0000000008000d64                __aeabi_ui2f
                0x0000000008000d64                __floatunsisf
                0x0000000008000d6c                __aeabi_i2f
                0x0000000008000d6c                __floatsisf
                0x0000000008000d88                __aeabi_ul2f
                0x0000000008000d88                __floatundisf
                0x0000000008000d98                __aeabi_l2f
                0x0000000008000d98                __floatdisf
 .text          0x0000000008000e14      0x2a0 c:/st/stm32cubeide_1.9.0/stm32cubeide/plugins/com.st.stm32cube.ide.mcu.externaltools.gnu-tools-for-stm32.10.3-2021.10.win32_1.0.0.202111181127/tools/bin/../lib/gcc/arm-none-eabi/10.3.1/thumb/v7e-m/nofp\libgcc.a(_arm_muldivsf3.o)
                0x0000000008000e14                __mulsf3
                0x0000000008000e14                __aeabi_fmul
                0x0000000008000f7c                __aeabi_fdiv
                0x0000000008000f7c                __divsf3
 .text          0x00000000080010b4       0xec c:/st/stm32cubeide_1.9.0/stm32cubeide/plugins/com.st.stm32cube.ide.mcu.externaltools.gnu-tools-for-stm32.10.3-2021.10.win32_1.0.0.202111181127/tools/bin/../lib/gcc/arm-none-eabi/10.3.1/thumb/v7e-m/nofp\libgcc.a(_arm_cmpsf2.o)
                0x00000000080010b4                __gesf2
                0x00000000080010b4                __gtsf2
                0x00000000080010bc                __lesf2
                0x00000000080010bc                __ltsf2
                0x00000000080010c4                __nesf2
                0x00000000080010c4                __eqsf2
                0x00000000080010c4                __cmpsf2
                0x0000000008001124                __aeabi_cfrcmple
                0x000000000800112c                __aeabi_cfcmpeq
                0x000000000800112c                __aeabi_cfcmple
                0x000000000800113c                __aeabi_fcmpeq
                0x0000000008001150                __aeabi_fcmplt
                0x0000000008001164                __aeabi_fcmple
                0x0000000008001178                __aeabi_fcmpge
                0x000000000800118c                __aeabi_fcmpgt
 .text          0x00000000080011a0       0x30 c:/st/stm32cubeide_1.9.0/stm32cubeide/plugins/com.st.stm32cube.ide.mcu.externaltools.gnu-tools-for-stm32.10.3-2021.10.win32_1.0.0.202111181127/tools/bin/../lib/gcc/arm-none-eabi/10.3.1/thumb/v7e-m/nofp\libgcc.a(_aeabi_uldivmod.o)
                0x00000000080011a0                __aeabi_uldivmod
 .text          0x00000000080011d0      0x2d0 c:/st/stm32cubeide_1.9.0/stm32cubeide/plugins/com.st.stm32cube.ide.mcu.externaltools.gnu-tools-for-stm32.10.3-2021.10.win32_1.0.0.202111181127/tools/bin/../lib/gcc/arm-none-eabi/10.3.1/thumb/v7e-m/nofp\libgcc.a(_udivmoddi4.o)
                0x00000000080011d0                __udivmoddi4
 .text          0x00000000080014a0        0x4 c:/st/stm32cubeide_1.9.0/stm32cubeide/plugins/com.st.stm32cube.ide.mcu.externaltools.gnu-tools-for-stm32.10.3-2021.10.win32_1.0.0.202111181127/tools/bin/../lib/gcc/arm-none-eabi/10.3.1/thumb/v7e-m/nofp\libgcc.a(_dvmd_tls.o)
                0x00000000080014a0                __aeabi_idiv0
                0x00000000080014a0                __aeabi_ldiv0
 *(.text*)
 .text.LL_AHB2_GRP1_EnableClock
                0x00000000080014a4       0x30 ./Application/User/Core/adc.o
 .text.LL_APB2_GRP1_EnableClock
                0x00000000080014d4       0x30 ./Application/User/Core/adc.o
 .text.MX_ADC_Init
                0x0000000008001504       0xd0 ./Application/User/Core/adc.o
                0x0000000008001504                MX_ADC_Init
 .text.HAL_ADC_MspInit
                0x00000000080015d4       0x58 ./Application/User/Core/adc.o
                0x00000000080015d4                HAL_ADC_MspInit
 *fill*         0x000000000800162c        0x4 
 .text.Berechnung_Akkustand
                0x0000000008001630       0xb8 ./Application/User/Core/battery_read.o
                0x0000000008001630                Berechnung_Akkustand
 .text.Ausgabe_Akkustand
                0x00000000080016e8      0x17c ./Application/User/Core/battery_read.o
                0x00000000080016e8                Ausgabe_Akkustand
 .text.LL_AHB1_GRP1_EnableClock
                0x0000000008001864       0x30 ./Application/User/Core/dma.o
 .text.MX_DMA_Init
                0x0000000008001894       0x24 ./Application/User/Core/dma.o
                0x0000000008001894                MX_DMA_Init
 .text.LL_AHB2_GRP1_EnableClock
                0x00000000080018b8       0x30 ./Application/User/Core/gpio.o
 .text.MX_GPIO_Init
                0x00000000080018e8       0xc0 ./Application/User/Core/gpio.o
                0x00000000080018e8                MX_GPIO_Init
 .text.LL_RCC_LSE_SetDriveCapability
                0x00000000080019a8       0x2a ./Application/User/Core/main.o
 *fill*         0x00000000080019d2        0x2 
 .text.main     0x00000000080019d4       0x2c ./Application/User/Core/main.o
                0x00000000080019d4                main
 .text.SystemClock_Config
                0x0000000008001a00       0xb4 ./Application/User/Core/main.o
                0x0000000008001a00                SystemClock_Config
 .text.Error_Handler
                0x0000000008001ab4        0xa ./Application/User/Core/main.o
                0x0000000008001ab4                Error_Handler
 .text.LL_RCC_EnableRTC
                0x0000000008001abe       0x20 ./Application/User/Core/rtc.o
 .text.LL_APB1_GRP1_EnableClock
                0x0000000008001ade       0x30 ./Application/User/Core/rtc.o
 *fill*         0x0000000008001b0e        0x2 
 .text.MX_RTC_Init
                0x0000000008001b10       0xa4 ./Application/User/Core/rtc.o
                0x0000000008001b10                MX_RTC_Init
 .text.HAL_RTC_MspInit
                0x0000000008001bb4       0x78 ./Application/User/Core/rtc.o
                0x0000000008001bb4                HAL_RTC_MspInit
 .text.LL_PWR_ClearFlag_C1STOP_C1STB
                0x0000000008001c2c       0x18 ./Application/User/Core/stm32_lpm_if.o
 .text.PWR_EnterOffMode
                0x0000000008001c44        0xc ./Application/User/Core/stm32_lpm_if.o
                0x0000000008001c44                PWR_EnterOffMode
 .text.PWR_ExitOffMode
                0x0000000008001c50        0xc ./Application/User/Core/stm32_lpm_if.o
                0x0000000008001c50                PWR_ExitOffMode
 .text.PWR_EnterStopMode
                0x0000000008001c5c       0x16 ./Application/User/Core/stm32_lpm_if.o
                0x0000000008001c5c                PWR_EnterStopMode
 .text.PWR_ExitStopMode
                0x0000000008001c72       0x10 ./Application/User/Core/stm32_lpm_if.o
                0x0000000008001c72                PWR_ExitStopMode
 .text.PWR_EnterSleepMode
                0x0000000008001c82       0x14 ./Application/User/Core/stm32_lpm_if.o
                0x0000000008001c82                PWR_EnterSleepMode
 .text.PWR_ExitSleepMode
                0x0000000008001c96        0xc ./Application/User/Core/stm32_lpm_if.o
                0x0000000008001c96                PWR_ExitSleepMode
 .text.HAL_MspInit
                0x0000000008001ca2        0xc ./Application/User/Core/stm32wlxx_hal_msp.o
                0x0000000008001ca2                HAL_MspInit
 .text.NMI_Handler
                0x0000000008001cae        0x6 ./Application/User/Core/stm32wlxx_it.o
                0x0000000008001cae                NMI_Handler
 .text.HardFault_Handler
                0x0000000008001cb4        0x6 ./Application/User/Core/stm32wlxx_it.o
                0x0000000008001cb4                HardFault_Handler
 .text.MemManage_Handler
                0x0000000008001cba        0x6 ./Application/User/Core/stm32wlxx_it.o
                0x0000000008001cba                MemManage_Handler
 .text.BusFault_Handler
                0x0000000008001cc0        0x6 ./Application/User/Core/stm32wlxx_it.o
                0x0000000008001cc0                BusFault_Handler
 .text.UsageFault_Handler
                0x0000000008001cc6        0x6 ./Application/User/Core/stm32wlxx_it.o
                0x0000000008001cc6                UsageFault_Handler
 .text.SVC_Handler
                0x0000000008001ccc        0xc ./Application/User/Core/stm32wlxx_it.o
                0x0000000008001ccc                SVC_Handler
 .text.DebugMon_Handler
                0x0000000008001cd8        0xc ./Application/User/Core/stm32wlxx_it.o
                0x0000000008001cd8                DebugMon_Handler
 .text.PendSV_Handler
                0x0000000008001ce4        0xc ./Application/User/Core/stm32wlxx_it.o
                0x0000000008001ce4                PendSV_Handler
 .text.SysTick_Handler
                0x0000000008001cf0        0xc ./Application/User/Core/stm32wlxx_it.o
                0x0000000008001cf0                SysTick_Handler
 .text.TAMP_STAMP_LSECSS_SSRU_IRQHandler
                0x0000000008001cfc       0x14 ./Application/User/Core/stm32wlxx_it.o
                0x0000000008001cfc                TAMP_STAMP_LSECSS_SSRU_IRQHandler
 .text.EXTI3_IRQHandler
                0x0000000008001d10        0xe ./Application/User/Core/stm32wlxx_it.o
                0x0000000008001d10                EXTI3_IRQHandler
 *fill*         0x0000000008001d1e        0x2 
 .text.DMA1_Channel5_IRQHandler
                0x0000000008001d20       0x14 ./Application/User/Core/stm32wlxx_it.o
                0x0000000008001d20                DMA1_Channel5_IRQHandler
 .text.USART1_IRQHandler
                0x0000000008001d34       0x14 ./Application/User/Core/stm32wlxx_it.o
                0x0000000008001d34                USART1_IRQHandler
 .text.EXTI15_10_IRQHandler
                0x0000000008001d48       0x10 ./Application/User/Core/stm32wlxx_it.o
                0x0000000008001d48                EXTI15_10_IRQHandler
 .text.RTC_Alarm_IRQHandler
                0x0000000008001d58       0x14 ./Application/User/Core/stm32wlxx_it.o
                0x0000000008001d58                RTC_Alarm_IRQHandler
 .text.SUBGHZ_Radio_IRQHandler
                0x0000000008001d6c       0x14 ./Application/User/Core/stm32wlxx_it.o
                0x0000000008001d6c                SUBGHZ_Radio_IRQHandler
 .text.LL_APB3_GRP1_EnableClock
                0x0000000008001d80       0x30 ./Application/User/Core/subghz.o
 .text.MX_SUBGHZ_Init
                0x0000000008001db0       0x24 ./Application/User/Core/subghz.o
                0x0000000008001db0                MX_SUBGHZ_Init
 .text.HAL_SUBGHZ_MspInit
                0x0000000008001dd4       0x26 ./Application/User/Core/subghz.o
                0x0000000008001dd4                HAL_SUBGHZ_MspInit
 .text.LL_RCC_SetClkAfterWakeFromStop
                0x0000000008001dfa       0x26 ./Application/User/Core/sys_app.o
 .text.SystemApp_Init
                0x0000000008001e20       0x40 ./Application/User/Core/sys_app.o
                0x0000000008001e20                SystemApp_Init
 .text.UTIL_SEQ_Idle
                0x0000000008001e60        0xc ./Application/User/Core/sys_app.o
                0x0000000008001e60                UTIL_SEQ_Idle
 .text.TimestampNow
                0x0000000008001e6c       0x40 ./Application/User/Core/sys_app.o
 .text.UTIL_ADV_TRACE_PreSendHook
                0x0000000008001eac       0x10 ./Application/User/Core/sys_app.o
                0x0000000008001eac                UTIL_ADV_TRACE_PreSendHook
 .text.UTIL_ADV_TRACE_PostSendHook
                0x0000000008001ebc       0x10 ./Application/User/Core/sys_app.o
                0x0000000008001ebc                UTIL_ADV_TRACE_PostSendHook
 .text.tiny_snprintf_like
                0x0000000008001ecc       0x2c ./Application/User/Core/sys_app.o
 .text.HAL_InitTick
                0x0000000008001ef8       0x14 ./Application/User/Core/sys_app.o
                0x0000000008001ef8                HAL_InitTick
 .text.HAL_GetTick
                0x0000000008001f0c       0x28 ./Application/User/Core/sys_app.o
                0x0000000008001f0c                HAL_GetTick
 .text.HAL_Delay
                0x0000000008001f34       0x18 ./Application/User/Core/sys_app.o
                0x0000000008001f34                HAL_Delay
 .text.DBG_Init
                0x0000000008001f4c       0x14 ./Application/User/Core/sys_debug.o
                0x0000000008001f4c                DBG_Init
 .text._getpid  0x0000000008001f60        0xe ./Application/User/Core/syscalls.o
                0x0000000008001f60                _getpid
 .text._kill    0x0000000008001f6e       0x20 ./Application/User/Core/syscalls.o
                0x0000000008001f6e                _kill
 .text._exit    0x0000000008001f8e       0x14 ./Application/User/Core/syscalls.o
                0x0000000008001f8e                _exit
 .text._read    0x0000000008001fa2       0x3a ./Application/User/Core/syscalls.o
                0x0000000008001fa2                _read
 .text._write   0x0000000008001fdc       0x38 ./Application/User/Core/syscalls.o
                0x0000000008001fdc                _write
 .text._close   0x0000000008002014       0x16 ./Application/User/Core/syscalls.o
                0x0000000008002014                _close
 .text._fstat   0x000000000800202a       0x1e ./Application/User/Core/syscalls.o
                0x000000000800202a                _fstat
 .text._isatty  0x0000000008002048       0x14 ./Application/User/Core/syscalls.o
                0x0000000008002048                _isatty
 .text._lseek   0x000000000800205c       0x18 ./Application/User/Core/syscalls.o
                0x000000000800205c                _lseek
 .text._sbrk    0x0000000008002074       0x6c ./Application/User/Core/sysmem.o
                0x0000000008002074                _sbrk
 .text.LL_RTC_TIME_GetSubSecond
                0x00000000080020e0       0x16 ./Application/User/Core/timer_if.o
 *fill*         0x00000000080020f6        0x2 
 .text.TIMER_IF_Init
                0x00000000080020f8       0x64 ./Application/User/Core/timer_if.o
                0x00000000080020f8                TIMER_IF_Init
 .text.TIMER_IF_StartTimer
                0x000000000800215c       0x70 ./Application/User/Core/timer_if.o
                0x000000000800215c                TIMER_IF_StartTimer
 .text.TIMER_IF_StopTimer
                0x00000000080021cc       0x34 ./Application/User/Core/timer_if.o
                0x00000000080021cc                TIMER_IF_StopTimer
 .text.TIMER_IF_SetTimerContext
                0x0000000008002200       0x1c ./Application/User/Core/timer_if.o
                0x0000000008002200                TIMER_IF_SetTimerContext
 .text.TIMER_IF_GetTimerContext
                0x000000000800221c       0x14 ./Application/User/Core/timer_if.o
                0x000000000800221c                TIMER_IF_GetTimerContext
 .text.TIMER_IF_GetTimerElapsedTime
                0x0000000008002230       0x28 ./Application/User/Core/timer_if.o
                0x0000000008002230                TIMER_IF_GetTimerElapsedTime
 .text.TIMER_IF_GetTimerValue
                0x0000000008002258       0x28 ./Application/User/Core/timer_if.o
                0x0000000008002258                TIMER_IF_GetTimerValue
 .text.TIMER_IF_GetMinimumTimeout
                0x0000000008002280       0x1a ./Application/User/Core/timer_if.o
                0x0000000008002280                TIMER_IF_GetMinimumTimeout
 .text.TIMER_IF_Convert_ms2Tick
                0x000000000800229a       0x3a ./Application/User/Core/timer_if.o
                0x000000000800229a                TIMER_IF_Convert_ms2Tick
 .text.TIMER_IF_Convert_Tick2ms
                0x00000000080022d4       0x92 ./Application/User/Core/timer_if.o
                0x00000000080022d4                TIMER_IF_Convert_Tick2ms
 .text.TIMER_IF_DelayMs
                0x0000000008002366       0x34 ./Application/User/Core/timer_if.o
                0x0000000008002366                TIMER_IF_DelayMs
 .text.HAL_RTC_AlarmAEventCallback
                0x000000000800239a       0x14 ./Application/User/Core/timer_if.o
                0x000000000800239a                HAL_RTC_AlarmAEventCallback
 .text.HAL_RTCEx_SSRUEventCallback
                0x00000000080023ae       0x20 ./Application/User/Core/timer_if.o
                0x00000000080023ae                HAL_RTCEx_SSRUEventCallback
 .text.TIMER_IF_GetTime
                0x00000000080023ce       0x8e ./Application/User/Core/timer_if.o
                0x00000000080023ce                TIMER_IF_GetTime
 .text.TIMER_IF_BkUp_Write_Seconds
                0x000000000800245c       0x20 ./Application/User/Core/timer_if.o
                0x000000000800245c                TIMER_IF_BkUp_Write_Seconds
 .text.TIMER_IF_BkUp_Write_SubSeconds
                0x000000000800247c       0x20 ./Application/User/Core/timer_if.o
                0x000000000800247c                TIMER_IF_BkUp_Write_SubSeconds
 .text.TIMER_IF_BkUp_Read_Seconds
                0x000000000800249c       0x24 ./Application/User/Core/timer_if.o
                0x000000000800249c                TIMER_IF_BkUp_Read_Seconds
 .text.TIMER_IF_BkUp_Read_SubSeconds
                0x00000000080024c0       0x24 ./Application/User/Core/timer_if.o
                0x00000000080024c0                TIMER_IF_BkUp_Read_SubSeconds
 .text.TIMER_IF_BkUp_Write_MSBticks
                0x00000000080024e4       0x20 ./Application/User/Core/timer_if.o
 .text.TIMER_IF_BkUp_Read_MSBticks
                0x0000000008002504       0x20 ./Application/User/Core/timer_if.o
 .text.GetTimerTicks
                0x0000000008002524       0x38 ./Application/User/Core/timer_if.o
 .text.LL_AHB2_GRP1_EnableClock
                0x000000000800255c       0x30 ./Application/User/Core/usart.o
 .text.LL_APB2_GRP1_EnableClock
                0x000000000800258c       0x30 ./Application/User/Core/usart.o
 .text.LL_APB2_GRP1_DisableClock
                0x00000000080025bc       0x24 ./Application/User/Core/usart.o
 .text.MX_USART1_UART_Init
                0x00000000080025e0       0x98 ./Application/User/Core/usart.o
                0x00000000080025e0                MX_USART1_UART_Init
 .text.HAL_UART_MspInit
                0x0000000008002678       0xf8 ./Application/User/Core/usart.o
                0x0000000008002678                HAL_UART_MspInit
 .text.HAL_UART_MspDeInit
                0x0000000008002770       0x44 ./Application/User/Core/usart.o
                0x0000000008002770                HAL_UART_MspDeInit
 .text.LL_APB2_GRP1_ForceReset
                0x00000000080027b4       0x22 ./Application/User/Core/usart_if.o
 .text.LL_APB2_GRP1_ReleaseReset
                0x00000000080027d6       0x24 ./Application/User/Core/usart_if.o
 *fill*         0x00000000080027fa        0x2 
 .text.LL_EXTI_EnableIT_0_31
                0x00000000080027fc       0x28 ./Application/User/Core/usart_if.o
 .text.vcom_Init
                0x0000000008002824       0x2c ./Application/User/Core/usart_if.o
                0x0000000008002824                vcom_Init
 .text.vcom_DeInit
                0x0000000008002850       0x2c ./Application/User/Core/usart_if.o
                0x0000000008002850                vcom_DeInit
 .text.vcom_Trace_DMA
                0x000000000800287c       0x28 ./Application/User/Core/usart_if.o
                0x000000000800287c                vcom_Trace_DMA
 .text.vcom_ReceiveInit
                0x00000000080028a4       0x7c ./Application/User/Core/usart_if.o
                0x00000000080028a4                vcom_ReceiveInit
 .text.vcom_Resume
                0x0000000008002920       0x30 ./Application/User/Core/usart_if.o
                0x0000000008002920                vcom_Resume
 .text.HAL_UART_TxCpltCallback
                0x0000000008002950       0x2c ./Application/User/Core/usart_if.o
                0x0000000008002950                HAL_UART_TxCpltCallback
 .text.HAL_UART_RxCpltCallback
                0x000000000800297c       0x50 ./Application/User/Core/usart_if.o
                0x000000000800297c                HAL_UART_RxCpltCallback
 .text.Reset_Handler
                0x00000000080029cc       0x50 ./Application/User/Startup/startup_stm32wle5jcix.o
                0x00000000080029cc                Reset_Handler
 .text.Default_Handler
                0x0000000008002a1c        0x2 ./Application/User/Startup/startup_stm32wle5jcix.o
                0x0000000008002a1c                EXTI2_IRQHandler
                0x0000000008002a1c                TIM1_CC_IRQHandler
                0x0000000008002a1c                LPTIM2_IRQHandler
                0x0000000008002a1c                I2C3_ER_IRQHandler
                0x0000000008002a1c                LPTIM3_IRQHandler
                0x0000000008002a1c                EXTI0_IRQHandler
                0x0000000008002a1c                I2C2_EV_IRQHandler
                0x0000000008002a1c                SPI1_IRQHandler
                0x0000000008002a1c                DMA2_Channel2_IRQHandler
                0x0000000008002a1c                DMA1_Channel4_IRQHandler
                0x0000000008002a1c                PKA_IRQHandler
                0x0000000008002a1c                TIM17_IRQHandler
                0x0000000008002a1c                DMA1_Channel7_IRQHandler
                0x0000000008002a1c                SUBGHZSPI_IRQHandler
                0x0000000008002a1c                DMA2_Channel1_IRQHandler
                0x0000000008002a1c                I2C1_EV_IRQHandler
                0x0000000008002a1c                DMAMUX1_OVR_IRQHandler
                0x0000000008002a1c                DMA1_Channel6_IRQHandler
                0x0000000008002a1c                TIM16_IRQHandler
                0x0000000008002a1c                DMA2_Channel4_IRQHandler
                0x0000000008002a1c                RCC_IRQHandler
                0x0000000008002a1c                TIM1_TRG_COM_IRQHandler
                0x0000000008002a1c                DMA1_Channel1_IRQHandler
                0x0000000008002a1c                Default_Handler
                0x0000000008002a1c                DMA2_Channel7_IRQHandler
                0x0000000008002a1c                ADC_IRQHandler
                0x0000000008002a1c                I2C3_EV_IRQHandler
                0x0000000008002a1c                EXTI9_5_IRQHandler
                0x0000000008002a1c                RTC_WKUP_IRQHandler
                0x0000000008002a1c                PVD_PVM_IRQHandler
                0x0000000008002a1c                SPI2_IRQHandler
                0x0000000008002a1c                DMA2_Channel5_IRQHandler
                0x0000000008002a1c                EXTI4_IRQHandler
                0x0000000008002a1c                RNG_IRQHandler
                0x0000000008002a1c                DMA1_Channel3_IRQHandler
                0x0000000008002a1c                COMP_IRQHandler
                0x0000000008002a1c                HSEM_IRQHandler
                0x0000000008002a1c                TIM1_UP_IRQHandler
                0x0000000008002a1c                WWDG_IRQHandler
                0x0000000008002a1c                LPUART1_IRQHandler
                0x0000000008002a1c                DMA2_Channel6_IRQHandler
                0x0000000008002a1c                TIM2_IRQHandler
                0x0000000008002a1c                TIM1_BRK_IRQHandler
                0x0000000008002a1c                DAC_IRQHandler
                0x0000000008002a1c                EXTI1_IRQHandler
                0x0000000008002a1c                AES_IRQHandler
                0x0000000008002a1c                USART2_IRQHandler
                0x0000000008002a1c                I2C2_ER_IRQHandler
                0x0000000008002a1c                DMA1_Channel2_IRQHandler
                0x0000000008002a1c                FLASH_IRQHandler
                0x0000000008002a1c                I2C1_ER_IRQHandler
                0x0000000008002a1c                LPTIM1_IRQHandler
                0x0000000008002a1c                DMA2_Channel3_IRQHandler
 .text.MX_SubGHz_Phy_Init
                0x0000000008002a1e       0x10 ./Application/User/SubGHz_Phy/App/app_subghz_phy.o
                0x0000000008002a1e                MX_SubGHz_Phy_Init
 .text.MX_SubGHz_Phy_Process
                0x0000000008002a2e       0x10 ./Application/User/SubGHz_Phy/App/app_subghz_phy.o
                0x0000000008002a2e                MX_SubGHz_Phy_Process
 *fill*         0x0000000008002a3e        0x2 
 .text.SubghzApp_Init
                0x0000000008002a40      0x144 ./Application/User/SubGHz_Phy/App/subghz_phy_app.o
                0x0000000008002a40                SubghzApp_Init
 .text.OnTxDone
                0x0000000008002b84       0x18 ./Application/User/SubGHz_Phy/App/subghz_phy_app.o
 .text.OnRxDone
                0x0000000008002b9c       0x88 ./Application/User/SubGHz_Phy/App/subghz_phy_app.o
 .text.OnTxTimeout
                0x0000000008002c24       0x18 ./Application/User/SubGHz_Phy/App/subghz_phy_app.o
 .text.OnRxTimeout
                0x0000000008002c3c       0x18 ./Application/User/SubGHz_Phy/App/subghz_phy_app.o
 .text.OnRxError
                0x0000000008002c54       0x18 ./Application/User/SubGHz_Phy/App/subghz_phy_app.o
 .text.ConfigModeIdle
                0x0000000008002c6c      0x118 ./Application/User/SubGHz_Phy/App/subghz_phy_app.o
 .text.SyncedWakeup
                0x0000000008002d84       0xf0 ./Application/User/SubGHz_Phy/App/subghz_phy_app.o
 .text.answerMasterSync
                0x0000000008002e74      0x108 ./Application/User/SubGHz_Phy/App/subghz_phy_app.o
 .text.answerMasterSleep
                0x0000000008002f7c       0x80 ./Application/User/SubGHz_Phy/App/subghz_phy_app.o
 .text.answerMasterTrapPoll
                0x0000000008002ffc       0xa4 ./Application/User/SubGHz_Phy/App/subghz_phy_app.o
 .text.OnledConfIdleEvent
                0x00000000080030a0       0x28 ./Application/User/SubGHz_Phy/App/subghz_phy_app.o
 .text.timerSleepWakeupEvent
                0x00000000080030c8       0x48 ./Application/User/SubGHz_Phy/App/subghz_phy_app.o
 .text.onwakeuptimeover
                0x0000000008003110       0x1c ./Application/User/SubGHz_Phy/App/subghz_phy_app.o
 .text.RBI_Init
                0x000000000800312c        0xe ./Application/User/SubGHz_Phy/Target/radio_board_if.o
                0x000000000800312c                RBI_Init
 .text.RBI_ConfigRFSwitch
                0x000000000800313a       0x1c ./Application/User/SubGHz_Phy/Target/radio_board_if.o
                0x000000000800313a                RBI_ConfigRFSwitch
 .text.RBI_GetTxConfig
                0x0000000008003156        0xe ./Application/User/SubGHz_Phy/Target/radio_board_if.o
                0x0000000008003156                RBI_GetTxConfig
 .text.RBI_IsTCXO
                0x0000000008003164        0xe ./Application/User/SubGHz_Phy/Target/radio_board_if.o
                0x0000000008003164                RBI_IsTCXO
 .text.RBI_IsDCDC
                0x0000000008003172        0xe ./Application/User/SubGHz_Phy/Target/radio_board_if.o
                0x0000000008003172                RBI_IsDCDC
 .text.LL_AHB2_GRP1_EnableClock
                0x0000000008003180       0x30 ./Drivers/BSP/STM32WLxx_LoRa_E5_mini/stm32wlxx_LoRa_E5_mini_radio.o
 .text.BSP_RADIO_Init
                0x00000000080031b0       0x68 ./Drivers/BSP/STM32WLxx_LoRa_E5_mini/stm32wlxx_LoRa_E5_mini_radio.o
                0x00000000080031b0                BSP_RADIO_Init
 .text.BSP_RADIO_ConfigRFSwitch
                0x0000000008003218       0x9c ./Drivers/BSP/STM32WLxx_LoRa_E5_mini/stm32wlxx_LoRa_E5_mini_radio.o
                0x0000000008003218                BSP_RADIO_ConfigRFSwitch
 .text.BSP_RADIO_GetTxConfig
                0x00000000080032b4        0xe ./Drivers/BSP/STM32WLxx_LoRa_E5_mini/stm32wlxx_LoRa_E5_mini_radio.o
                0x00000000080032b4                BSP_RADIO_GetTxConfig
 .text.BSP_RADIO_IsTCXO
                0x00000000080032c2        0xe ./Drivers/BSP/STM32WLxx_LoRa_E5_mini/stm32wlxx_LoRa_E5_mini_radio.o
                0x00000000080032c2                BSP_RADIO_IsTCXO
 .text.BSP_RADIO_IsDCDC
                0x00000000080032d0        0xe ./Drivers/BSP/STM32WLxx_LoRa_E5_mini/stm32wlxx_LoRa_E5_mini_radio.o
                0x00000000080032d0                BSP_RADIO_IsDCDC
 .text.SystemInit
                0x00000000080032de        0xc ./Drivers/CMSIS/system_stm32wlxx.o
                0x00000000080032de                SystemInit
 *fill*         0x00000000080032ea        0x2 
 .text.LL_DBGMCU_DisableDBGSleepMode
                0x00000000080032ec       0x1c ./Drivers/STM32WLxx_HAL_Driver/stm32wlxx_hal.o
 .text.LL_DBGMCU_DisableDBGStopMode
                0x0000000008003308       0x1c ./Drivers/STM32WLxx_HAL_Driver/stm32wlxx_hal.o
 .text.LL_DBGMCU_DisableDBGStandbyMode
                0x0000000008003324       0x1c ./Drivers/STM32WLxx_HAL_Driver/stm32wlxx_hal.o
 .text.HAL_Init
                0x0000000008003340       0x40 ./Drivers/STM32WLxx_HAL_Driver/stm32wlxx_hal.o
                0x0000000008003340                HAL_Init
 .text.HAL_SuspendTick
                0x0000000008003380       0x1c ./Drivers/STM32WLxx_HAL_Driver/stm32wlxx_hal.o
                0x0000000008003380                HAL_SuspendTick
 .text.HAL_ResumeTick
                0x000000000800339c       0x1c ./Drivers/STM32WLxx_HAL_Driver/stm32wlxx_hal.o
                0x000000000800339c                HAL_ResumeTick
 .text.HAL_DBGMCU_DisableDBGSleepMode
                0x00000000080033b8        0xc ./Drivers/STM32WLxx_HAL_Driver/stm32wlxx_hal.o
                0x00000000080033b8                HAL_DBGMCU_DisableDBGSleepMode
 .text.HAL_DBGMCU_DisableDBGStopMode
                0x00000000080033c4        0xc ./Drivers/STM32WLxx_HAL_Driver/stm32wlxx_hal.o
                0x00000000080033c4                HAL_DBGMCU_DisableDBGStopMode
 .text.HAL_DBGMCU_DisableDBGStandbyMode
                0x00000000080033d0        0xc ./Drivers/STM32WLxx_HAL_Driver/stm32wlxx_hal.o
                0x00000000080033d0                HAL_DBGMCU_DisableDBGStandbyMode
 .text.LL_ADC_SetCommonPathInternalCh
                0x00000000080033dc       0x24 ./Drivers/STM32WLxx_HAL_Driver/stm32wlxx_hal_adc.o
 .text.LL_ADC_GetCommonPathInternalCh
                0x0000000008003400       0x1a ./Drivers/STM32WLxx_HAL_Driver/stm32wlxx_hal_adc.o
 .text.LL_ADC_SetSamplingTimeCommonChannels
                0x000000000800341a       0x3c ./Drivers/STM32WLxx_HAL_Driver/stm32wlxx_hal_adc.o
 .text.LL_ADC_GetSamplingTimeCommonChannels
                0x0000000008003456       0x30 ./Drivers/STM32WLxx_HAL_Driver/stm32wlxx_hal_adc.o
 .text.LL_ADC_REG_IsTriggerSourceSWStart
                0x0000000008003486       0x24 ./Drivers/STM32WLxx_HAL_Driver/stm32wlxx_hal_adc.o
 .text.LL_ADC_REG_SetSequencerRanks
                0x00000000080034aa       0x42 ./Drivers/STM32WLxx_HAL_Driver/stm32wlxx_hal_adc.o
 .text.LL_ADC_REG_SetSequencerChAdd
                0x00000000080034ec       0x24 ./Drivers/STM32WLxx_HAL_Driver/stm32wlxx_hal_adc.o
 .text.LL_ADC_REG_SetSequencerChRem
                0x0000000008003510       0x26 ./Drivers/STM32WLxx_HAL_Driver/stm32wlxx_hal_adc.o
 .text.LL_ADC_SetChannelSamplingTime
                0x0000000008003536       0x38 ./Drivers/STM32WLxx_HAL_Driver/stm32wlxx_hal_adc.o
 .text.LL_ADC_EnableInternalRegulator
                0x000000000800356e       0x26 ./Drivers/STM32WLxx_HAL_Driver/stm32wlxx_hal_adc.o
 .text.LL_ADC_IsInternalRegulatorEnabled
                0x0000000008003594       0x26 ./Drivers/STM32WLxx_HAL_Driver/stm32wlxx_hal_adc.o
 .text.LL_ADC_Enable
                0x00000000080035ba       0x26 ./Drivers/STM32WLxx_HAL_Driver/stm32wlxx_hal_adc.o
 .text.LL_ADC_IsEnabled
                0x00000000080035e0       0x24 ./Drivers/STM32WLxx_HAL_Driver/stm32wlxx_hal_adc.o
 .text.LL_ADC_REG_StartConversion
                0x0000000008003604       0x26 ./Drivers/STM32WLxx_HAL_Driver/stm32wlxx_hal_adc.o
 .text.LL_ADC_REG_IsConversionOngoing
                0x000000000800362a       0x24 ./Drivers/STM32WLxx_HAL_Driver/stm32wlxx_hal_adc.o
 *fill*         0x000000000800364e        0x2 
 .text.HAL_ADC_Init
                0x0000000008003650      0x368 ./Drivers/STM32WLxx_HAL_Driver/stm32wlxx_hal_adc.o
                0x0000000008003650                HAL_ADC_Init
 .text.HAL_ADC_Start
                0x00000000080039b8       0x8c ./Drivers/STM32WLxx_HAL_Driver/stm32wlxx_hal_adc.o
                0x00000000080039b8                HAL_ADC_Start
 .text.HAL_ADC_PollForConversion
                0x0000000008003a44      0x12e ./Drivers/STM32WLxx_HAL_Driver/stm32wlxx_hal_adc.o
                0x0000000008003a44                HAL_ADC_PollForConversion
 .text.HAL_ADC_GetValue
                0x0000000008003b72       0x18 ./Drivers/STM32WLxx_HAL_Driver/stm32wlxx_hal_adc.o
                0x0000000008003b72                HAL_ADC_GetValue
 *fill*         0x0000000008003b8a        0x2 
 .text.HAL_ADC_ConfigChannel
                0x0000000008003b8c      0x270 ./Drivers/STM32WLxx_HAL_Driver/stm32wlxx_hal_adc.o
                0x0000000008003b8c                HAL_ADC_ConfigChannel
 .text.ADC_Enable
                0x0000000008003dfc      0x10c ./Drivers/STM32WLxx_HAL_Driver/stm32wlxx_hal_adc.o
                0x0000000008003dfc                ADC_Enable
 .text.__NVIC_SetPriorityGrouping
                0x0000000008003f08       0x48 ./Drivers/STM32WLxx_HAL_Driver/stm32wlxx_hal_cortex.o
 .text.__NVIC_GetPriorityGrouping
                0x0000000008003f50       0x1c ./Drivers/STM32WLxx_HAL_Driver/stm32wlxx_hal_cortex.o
 .text.__NVIC_EnableIRQ
                0x0000000008003f6c       0x38 ./Drivers/STM32WLxx_HAL_Driver/stm32wlxx_hal_cortex.o
 .text.__NVIC_DisableIRQ
                0x0000000008003fa4       0x48 ./Drivers/STM32WLxx_HAL_Driver/stm32wlxx_hal_cortex.o
 .text.__NVIC_SetPriority
                0x0000000008003fec       0x54 ./Drivers/STM32WLxx_HAL_Driver/stm32wlxx_hal_cortex.o
 .text.NVIC_EncodePriority
                0x0000000008004040       0x64 ./Drivers/STM32WLxx_HAL_Driver/stm32wlxx_hal_cortex.o
 .text.HAL_NVIC_SetPriorityGrouping
                0x00000000080040a4       0x16 ./Drivers/STM32WLxx_HAL_Driver/stm32wlxx_hal_cortex.o
                0x00000000080040a4                HAL_NVIC_SetPriorityGrouping
 .text.HAL_NVIC_SetPriority
                0x00000000080040ba       0x34 ./Drivers/STM32WLxx_HAL_Driver/stm32wlxx_hal_cortex.o
                0x00000000080040ba                HAL_NVIC_SetPriority
 .text.HAL_NVIC_EnableIRQ
                0x00000000080040ee       0x1c ./Drivers/STM32WLxx_HAL_Driver/stm32wlxx_hal_cortex.o
                0x00000000080040ee                HAL_NVIC_EnableIRQ
 .text.HAL_NVIC_DisableIRQ
                0x000000000800410a       0x1c ./Drivers/STM32WLxx_HAL_Driver/stm32wlxx_hal_cortex.o
                0x000000000800410a                HAL_NVIC_DisableIRQ
 *fill*         0x0000000008004126        0x2 
 .text.HAL_DMA_Init
                0x0000000008004128      0x150 ./Drivers/STM32WLxx_HAL_Driver/stm32wlxx_hal_dma.o
                0x0000000008004128                HAL_DMA_Init
 .text.HAL_DMA_DeInit
                0x0000000008004278      0x12c ./Drivers/STM32WLxx_HAL_Driver/stm32wlxx_hal_dma.o
                0x0000000008004278                HAL_DMA_DeInit
 .text.HAL_DMA_Start_IT
                0x00000000080043a4       0xfc ./Drivers/STM32WLxx_HAL_Driver/stm32wlxx_hal_dma.o
                0x00000000080043a4                HAL_DMA_Start_IT
 .text.HAL_DMA_Abort
                0x00000000080044a0       0xbc ./Drivers/STM32WLxx_HAL_Driver/stm32wlxx_hal_dma.o
                0x00000000080044a0                HAL_DMA_Abort
 .text.HAL_DMA_Abort_IT
                0x000000000800455c       0xbe ./Drivers/STM32WLxx_HAL_Driver/stm32wlxx_hal_dma.o
                0x000000000800455c                HAL_DMA_Abort_IT
 *fill*         0x000000000800461a        0x2 
 .text.HAL_DMA_IRQHandler
                0x000000000800461c      0x18c ./Drivers/STM32WLxx_HAL_Driver/stm32wlxx_hal_dma.o
                0x000000000800461c                HAL_DMA_IRQHandler
 .text.DMA_SetConfig
                0x00000000080047a8       0x7a ./Drivers/STM32WLxx_HAL_Driver/stm32wlxx_hal_dma.o
 *fill*         0x0000000008004822        0x2 
 .text.DMA_CalcDMAMUXChannelBaseAndMask
                0x0000000008004824       0x90 ./Drivers/STM32WLxx_HAL_Driver/stm32wlxx_hal_dma.o
 .text.DMA_CalcDMAMUXRequestGenBaseAndMask
                0x00000000080048b4       0x48 ./Drivers/STM32WLxx_HAL_Driver/stm32wlxx_hal_dma.o
 .text.HAL_GPIO_Init
                0x00000000080048fc      0x2c0 ./Drivers/STM32WLxx_HAL_Driver/stm32wlxx_hal_gpio.o
                0x00000000080048fc                HAL_GPIO_Init
 .text.HAL_GPIO_DeInit
                0x0000000008004bbc      0x19c ./Drivers/STM32WLxx_HAL_Driver/stm32wlxx_hal_gpio.o
                0x0000000008004bbc                HAL_GPIO_DeInit
 .text.HAL_GPIO_ReadPin
                0x0000000008004d58       0x2e ./Drivers/STM32WLxx_HAL_Driver/stm32wlxx_hal_gpio.o
                0x0000000008004d58                HAL_GPIO_ReadPin
 .text.HAL_GPIO_WritePin
                0x0000000008004d86       0x2e ./Drivers/STM32WLxx_HAL_Driver/stm32wlxx_hal_gpio.o
                0x0000000008004d86                HAL_GPIO_WritePin
 .text.HAL_GPIO_TogglePin
                0x0000000008004db4       0x32 ./Drivers/STM32WLxx_HAL_Driver/stm32wlxx_hal_gpio.o
                0x0000000008004db4                HAL_GPIO_TogglePin
 *fill*         0x0000000008004de6        0x2 
 .text.HAL_GPIO_EXTI_IRQHandler
                0x0000000008004de8       0x30 ./Drivers/STM32WLxx_HAL_Driver/stm32wlxx_hal_gpio.o
                0x0000000008004de8                HAL_GPIO_EXTI_IRQHandler
 .text.HAL_GPIO_EXTI_Callback
                0x0000000008004e18       0x14 ./Drivers/STM32WLxx_HAL_Driver/stm32wlxx_hal_gpio.o
                0x0000000008004e18                HAL_GPIO_EXTI_Callback
 .text.HAL_PWR_EnableBkUpAccess
                0x0000000008004e2c       0x1c ./Drivers/STM32WLxx_HAL_Driver/stm32wlxx_hal_pwr.o
                0x0000000008004e2c                HAL_PWR_EnableBkUpAccess
 .text.HAL_PWR_EnterSLEEPMode
                0x0000000008004e48       0x68 ./Drivers/STM32WLxx_HAL_Driver/stm32wlxx_hal_pwr.o
                0x0000000008004e48                HAL_PWR_EnterSLEEPMode
 .text.HAL_PWREx_GetVoltageRange
                0x0000000008004eb0       0x18 ./Drivers/STM32WLxx_HAL_Driver/stm32wlxx_hal_pwr_ex.o
                0x0000000008004eb0                HAL_PWREx_GetVoltageRange
 .text.HAL_PWREx_EnableLowPowerRunMode
                0x0000000008004ec8       0x1c ./Drivers/STM32WLxx_HAL_Driver/stm32wlxx_hal_pwr_ex.o
                0x0000000008004ec8                HAL_PWREx_EnableLowPowerRunMode
 .text.HAL_PWREx_DisableLowPowerRunMode
                0x0000000008004ee4       0x6c ./Drivers/STM32WLxx_HAL_Driver/stm32wlxx_hal_pwr_ex.o
                0x0000000008004ee4                HAL_PWREx_DisableLowPowerRunMode
 .text.HAL_PWREx_EnterSTOP2Mode
                0x0000000008004f50       0x54 ./Drivers/STM32WLxx_HAL_Driver/stm32wlxx_hal_pwr_ex.o
                0x0000000008004f50                HAL_PWREx_EnterSTOP2Mode
 .text.LL_PWR_IsEnabledBkUpAccess
                0x0000000008004fa4       0x24 ./Drivers/STM32WLxx_HAL_Driver/stm32wlxx_hal_rcc.o
 .text.LL_RCC_HSE_EnableTcxo
                0x0000000008004fc8       0x1c ./Drivers/STM32WLxx_HAL_Driver/stm32wlxx_hal_rcc.o
 .text.LL_RCC_HSE_DisableTcxo
                0x0000000008004fe4       0x1c ./Drivers/STM32WLxx_HAL_Driver/stm32wlxx_hal_rcc.o
 .text.LL_RCC_HSE_IsEnabledDiv2
                0x0000000008005000       0x22 ./Drivers/STM32WLxx_HAL_Driver/stm32wlxx_hal_rcc.o
 .text.LL_RCC_HSE_Enable
                0x0000000008005022       0x1c ./Drivers/STM32WLxx_HAL_Driver/stm32wlxx_hal_rcc.o
 .text.LL_RCC_HSE_Disable
                0x000000000800503e       0x1c ./Drivers/STM32WLxx_HAL_Driver/stm32wlxx_hal_rcc.o
 .text.LL_RCC_HSE_IsReady
                0x000000000800505a       0x22 ./Drivers/STM32WLxx_HAL_Driver/stm32wlxx_hal_rcc.o
 .text.LL_RCC_HSI_Enable
                0x000000000800507c       0x1c ./Drivers/STM32WLxx_HAL_Driver/stm32wlxx_hal_rcc.o
 .text.LL_RCC_HSI_Disable
                0x0000000008005098       0x1c ./Drivers/STM32WLxx_HAL_Driver/stm32wlxx_hal_rcc.o
 .text.LL_RCC_HSI_IsReady
                0x00000000080050b4       0x22 ./Drivers/STM32WLxx_HAL_Driver/stm32wlxx_hal_rcc.o
 .text.LL_RCC_HSI_SetCalibTrimming
                0x00000000080050d6       0x28 ./Drivers/STM32WLxx_HAL_Driver/stm32wlxx_hal_rcc.o
 .text.LL_RCC_LSE_IsReady
                0x00000000080050fe       0x22 ./Drivers/STM32WLxx_HAL_Driver/stm32wlxx_hal_rcc.o
 .text.LL_RCC_LSI_Enable
                0x0000000008005120       0x20 ./Drivers/STM32WLxx_HAL_Driver/stm32wlxx_hal_rcc.o
 .text.LL_RCC_LSI_Disable
                0x0000000008005140       0x20 ./Drivers/STM32WLxx_HAL_Driver/stm32wlxx_hal_rcc.o
 .text.LL_RCC_LSI_IsReady
                0x0000000008005160       0x22 ./Drivers/STM32WLxx_HAL_Driver/stm32wlxx_hal_rcc.o
 .text.LL_RCC_MSI_Enable
                0x0000000008005182       0x1c ./Drivers/STM32WLxx_HAL_Driver/stm32wlxx_hal_rcc.o
 .text.LL_RCC_MSI_Disable
                0x000000000800519e       0x1c ./Drivers/STM32WLxx_HAL_Driver/stm32wlxx_hal_rcc.o
 .text.LL_RCC_MSI_IsReady
                0x00000000080051ba       0x20 ./Drivers/STM32WLxx_HAL_Driver/stm32wlxx_hal_rcc.o
 .text.LL_RCC_MSI_IsEnabledRangeSelect
                0x00000000080051da       0x20 ./Drivers/STM32WLxx_HAL_Driver/stm32wlxx_hal_rcc.o
 .text.LL_RCC_MSI_GetRange
                0x00000000080051fa       0x16 ./Drivers/STM32WLxx_HAL_Driver/stm32wlxx_hal_rcc.o
 .text.LL_RCC_MSI_GetRangeAfterStandby
                0x0000000008005210       0x18 ./Drivers/STM32WLxx_HAL_Driver/stm32wlxx_hal_rcc.o
 .text.LL_RCC_MSI_SetCalibTrimming
                0x0000000008005228       0x28 ./Drivers/STM32WLxx_HAL_Driver/stm32wlxx_hal_rcc.o
 .text.LL_RCC_SetSysClkSource
                0x0000000008005250       0x26 ./Drivers/STM32WLxx_HAL_Driver/stm32wlxx_hal_rcc.o
 .text.LL_RCC_GetSysClkSource
                0x0000000008005276       0x16 ./Drivers/STM32WLxx_HAL_Driver/stm32wlxx_hal_rcc.o
 .text.LL_RCC_SetAHBPrescaler
                0x000000000800528c       0x26 ./Drivers/STM32WLxx_HAL_Driver/stm32wlxx_hal_rcc.o
 .text.LL_RCC_SetAHB3Prescaler
                0x00000000080052b2       0x2c ./Drivers/STM32WLxx_HAL_Driver/stm32wlxx_hal_rcc.o
 .text.LL_RCC_SetAPB1Prescaler
                0x00000000080052de       0x26 ./Drivers/STM32WLxx_HAL_Driver/stm32wlxx_hal_rcc.o
 .text.LL_RCC_SetAPB2Prescaler
                0x0000000008005304       0x26 ./Drivers/STM32WLxx_HAL_Driver/stm32wlxx_hal_rcc.o
 .text.LL_RCC_GetAHBPrescaler
                0x000000000800532a       0x16 ./Drivers/STM32WLxx_HAL_Driver/stm32wlxx_hal_rcc.o
 .text.LL_RCC_GetAHB3Prescaler
                0x0000000008005340       0x1a ./Drivers/STM32WLxx_HAL_Driver/stm32wlxx_hal_rcc.o
 .text.LL_RCC_GetAPB1Prescaler
                0x000000000800535a       0x16 ./Drivers/STM32WLxx_HAL_Driver/stm32wlxx_hal_rcc.o
 .text.LL_RCC_GetAPB2Prescaler
                0x0000000008005370       0x16 ./Drivers/STM32WLxx_HAL_Driver/stm32wlxx_hal_rcc.o
 .text.LL_RCC_PLL_Enable
                0x0000000008005386       0x1c ./Drivers/STM32WLxx_HAL_Driver/stm32wlxx_hal_rcc.o
 .text.LL_RCC_PLL_Disable
                0x00000000080053a2       0x1c ./Drivers/STM32WLxx_HAL_Driver/stm32wlxx_hal_rcc.o
 .text.LL_RCC_PLL_IsReady
                0x00000000080053be       0x22 ./Drivers/STM32WLxx_HAL_Driver/stm32wlxx_hal_rcc.o
 .text.LL_RCC_PLL_GetN
                0x00000000080053e0       0x18 ./Drivers/STM32WLxx_HAL_Driver/stm32wlxx_hal_rcc.o
 .text.LL_RCC_PLL_GetR
                0x00000000080053f8       0x16 ./Drivers/STM32WLxx_HAL_Driver/stm32wlxx_hal_rcc.o
 .text.LL_RCC_PLL_GetDivider
                0x000000000800540e       0x16 ./Drivers/STM32WLxx_HAL_Driver/stm32wlxx_hal_rcc.o
 .text.LL_RCC_PLL_GetMainSource
                0x0000000008005424       0x16 ./Drivers/STM32WLxx_HAL_Driver/stm32wlxx_hal_rcc.o
 .text.LL_RCC_IsActiveFlag_HPRE
                0x000000000800543a       0x22 ./Drivers/STM32WLxx_HAL_Driver/stm32wlxx_hal_rcc.o
 .text.LL_RCC_IsActiveFlag_SHDHPRE
                0x000000000800545c       0x24 ./Drivers/STM32WLxx_HAL_Driver/stm32wlxx_hal_rcc.o
 .text.LL_RCC_IsActiveFlag_PPRE1
                0x0000000008005480       0x22 ./Drivers/STM32WLxx_HAL_Driver/stm32wlxx_hal_rcc.o
 .text.LL_RCC_IsActiveFlag_PPRE2
                0x00000000080054a2       0x22 ./Drivers/STM32WLxx_HAL_Driver/stm32wlxx_hal_rcc.o
 .text.HAL_RCC_OscConfig
                0x00000000080054c4      0x738 ./Drivers/STM32WLxx_HAL_Driver/stm32wlxx_hal_rcc.o
                0x00000000080054c4                HAL_RCC_OscConfig
 .text.HAL_RCC_ClockConfig
                0x0000000008005bfc      0x248 ./Drivers/STM32WLxx_HAL_Driver/stm32wlxx_hal_rcc.o
                0x0000000008005bfc                HAL_RCC_ClockConfig
 .text.HAL_RCC_GetSysClockFreq
                0x0000000008005e44      0x140 ./Drivers/STM32WLxx_HAL_Driver/stm32wlxx_hal_rcc.o
                0x0000000008005e44                HAL_RCC_GetSysClockFreq
 .text.HAL_RCC_GetHCLKFreq
                0x0000000008005f84       0x28 ./Drivers/STM32WLxx_HAL_Driver/stm32wlxx_hal_rcc.o
                0x0000000008005f84                HAL_RCC_GetHCLKFreq
 .text.HAL_RCC_GetPCLK1Freq
                0x0000000008005fac       0x24 ./Drivers/STM32WLxx_HAL_Driver/stm32wlxx_hal_rcc.o
                0x0000000008005fac                HAL_RCC_GetPCLK1Freq
 .text.HAL_RCC_GetPCLK2Freq
                0x0000000008005fd0       0x24 ./Drivers/STM32WLxx_HAL_Driver/stm32wlxx_hal_rcc.o
                0x0000000008005fd0                HAL_RCC_GetPCLK2Freq
 .text.RCC_SetFlashLatencyFromMSIRange
                0x0000000008005ff4       0x60 ./Drivers/STM32WLxx_HAL_Driver/stm32wlxx_hal_rcc.o
 .text.RCC_SetFlashLatency
                0x0000000008006054      0x104 ./Drivers/STM32WLxx_HAL_Driver/stm32wlxx_hal_rcc.o
 .text.LL_RCC_LSE_IsReady
                0x0000000008006158       0x22 ./Drivers/STM32WLxx_HAL_Driver/stm32wlxx_hal_rcc_ex.o
 .text.LL_RCC_SetUSARTClockSource
                0x000000000800617a       0x30 ./Drivers/STM32WLxx_HAL_Driver/stm32wlxx_hal_rcc_ex.o
 .text.LL_RCC_SetI2SClockSource
                0x00000000080061aa       0x2a ./Drivers/STM32WLxx_HAL_Driver/stm32wlxx_hal_rcc_ex.o
 .text.LL_RCC_SetLPUARTClockSource
                0x00000000080061d4       0x2a ./Drivers/STM32WLxx_HAL_Driver/stm32wlxx_hal_rcc_ex.o
 .text.LL_RCC_SetI2CClockSource
                0x00000000080061fe       0x38 ./Drivers/STM32WLxx_HAL_Driver/stm32wlxx_hal_rcc_ex.o
 .text.LL_RCC_SetLPTIMClockSource
                0x0000000008006236       0x32 ./Drivers/STM32WLxx_HAL_Driver/stm32wlxx_hal_rcc_ex.o
 .text.LL_RCC_SetRNGClockSource
                0x0000000008006268       0x2a ./Drivers/STM32WLxx_HAL_Driver/stm32wlxx_hal_rcc_ex.o
 .text.LL_RCC_SetADCClockSource
                0x0000000008006292       0x2a ./Drivers/STM32WLxx_HAL_Driver/stm32wlxx_hal_rcc_ex.o
 .text.LL_RCC_SetRTCClockSource
                0x00000000080062bc       0x2a ./Drivers/STM32WLxx_HAL_Driver/stm32wlxx_hal_rcc_ex.o
 .text.LL_RCC_GetRTCClockSource
                0x00000000080062e6       0x18 ./Drivers/STM32WLxx_HAL_Driver/stm32wlxx_hal_rcc_ex.o
 .text.LL_RCC_ForceBackupDomainReset
                0x00000000080062fe       0x20 ./Drivers/STM32WLxx_HAL_Driver/stm32wlxx_hal_rcc_ex.o
 .text.LL_RCC_ReleaseBackupDomainReset
                0x000000000800631e       0x20 ./Drivers/STM32WLxx_HAL_Driver/stm32wlxx_hal_rcc_ex.o
 *fill*         0x000000000800633e        0x2 
 .text.HAL_RCCEx_PeriphCLKConfig
                0x0000000008006340      0x234 ./Drivers/STM32WLxx_HAL_Driver/stm32wlxx_hal_rcc_ex.o
                0x0000000008006340                HAL_RCCEx_PeriphCLKConfig
 .text.HAL_RTC_Init
                0x0000000008006574       0xf4 ./Drivers/STM32WLxx_HAL_Driver/stm32wlxx_hal_rtc.o
                0x0000000008006574                HAL_RTC_Init
 .text.HAL_RTC_SetAlarm_IT
                0x0000000008006668      0x218 ./Drivers/STM32WLxx_HAL_Driver/stm32wlxx_hal_rtc.o
                0x0000000008006668                HAL_RTC_SetAlarm_IT
 .text.HAL_RTC_DeactivateAlarm
                0x0000000008006880       0xb8 ./Drivers/STM32WLxx_HAL_Driver/stm32wlxx_hal_rtc.o
                0x0000000008006880                HAL_RTC_DeactivateAlarm
 .text.HAL_RTC_AlarmIRQHandler
                0x0000000008006938       0x54 ./Drivers/STM32WLxx_HAL_Driver/stm32wlxx_hal_rtc.o
                0x0000000008006938                HAL_RTC_AlarmIRQHandler
 .text.HAL_RTC_WaitForSynchro
                0x000000000800698c       0x4c ./Drivers/STM32WLxx_HAL_Driver/stm32wlxx_hal_rtc.o
                0x000000000800698c                HAL_RTC_WaitForSynchro
 .text.RTC_EnterInitMode
                0x00000000080069d8       0x68 ./Drivers/STM32WLxx_HAL_Driver/stm32wlxx_hal_rtc.o
                0x00000000080069d8                RTC_EnterInitMode
 .text.RTC_ExitInitMode
                0x0000000008006a40       0x7c ./Drivers/STM32WLxx_HAL_Driver/stm32wlxx_hal_rtc.o
                0x0000000008006a40                RTC_ExitInitMode
 .text.RTC_ByteToBcd2
                0x0000000008006abc       0x3e ./Drivers/STM32WLxx_HAL_Driver/stm32wlxx_hal_rtc.o
                0x0000000008006abc                RTC_ByteToBcd2
 *fill*         0x0000000008006afa        0x2 
 .text.HAL_RTCEx_EnableBypassShadow
                0x0000000008006afc       0x64 ./Drivers/STM32WLxx_HAL_Driver/stm32wlxx_hal_rtc_ex.o
                0x0000000008006afc                HAL_RTCEx_EnableBypassShadow
 .text.HAL_RTCEx_SetSSRU_IT
                0x0000000008006b60       0x78 ./Drivers/STM32WLxx_HAL_Driver/stm32wlxx_hal_rtc_ex.o
                0x0000000008006b60                HAL_RTCEx_SetSSRU_IT
 .text.HAL_RTCEx_SSRUIRQHandler
                0x0000000008006bd8       0x34 ./Drivers/STM32WLxx_HAL_Driver/stm32wlxx_hal_rtc_ex.o
                0x0000000008006bd8                HAL_RTCEx_SSRUIRQHandler
 .text.HAL_RTCEx_AlarmBEventCallback
                0x0000000008006c0c       0x12 ./Drivers/STM32WLxx_HAL_Driver/stm32wlxx_hal_rtc_ex.o
                0x0000000008006c0c                HAL_RTCEx_AlarmBEventCallback
 *fill*         0x0000000008006c1e        0x2 
 .text.HAL_RTCEx_BKUPWrite
                0x0000000008006c20       0x30 ./Drivers/STM32WLxx_HAL_Driver/stm32wlxx_hal_rtc_ex.o
                0x0000000008006c20                HAL_RTCEx_BKUPWrite
 .text.HAL_RTCEx_BKUPRead
                0x0000000008006c50       0x2c ./Drivers/STM32WLxx_HAL_Driver/stm32wlxx_hal_rtc_ex.o
                0x0000000008006c50                HAL_RTCEx_BKUPRead
 .text.LL_PWR_SetRadioBusyTrigger
                0x0000000008006c7c       0x28 ./Drivers/STM32WLxx_HAL_Driver/stm32wlxx_hal_subghz.o
 .text.LL_PWR_UnselectSUBGHZSPI_NSS
                0x0000000008006ca4       0x20 ./Drivers/STM32WLxx_HAL_Driver/stm32wlxx_hal_subghz.o
 .text.LL_PWR_SelectSUBGHZSPI_NSS
                0x0000000008006cc4       0x20 ./Drivers/STM32WLxx_HAL_Driver/stm32wlxx_hal_subghz.o
 .text.LL_PWR_ClearFlag_RFBUSY
                0x0000000008006ce4       0x18 ./Drivers/STM32WLxx_HAL_Driver/stm32wlxx_hal_subghz.o
 .text.LL_PWR_IsActiveFlag_RFBUSYS
                0x0000000008006cfc       0x24 ./Drivers/STM32WLxx_HAL_Driver/stm32wlxx_hal_subghz.o
 .text.LL_PWR_IsActiveFlag_RFBUSYMS
                0x0000000008006d20       0x24 ./Drivers/STM32WLxx_HAL_Driver/stm32wlxx_hal_subghz.o
 .text.LL_RCC_RF_DisableReset
                0x0000000008006d44       0x20 ./Drivers/STM32WLxx_HAL_Driver/stm32wlxx_hal_subghz.o
 .text.LL_RCC_IsRFUnderReset
                0x0000000008006d64       0x24 ./Drivers/STM32WLxx_HAL_Driver/stm32wlxx_hal_subghz.o
 .text.LL_EXTI_EnableIT_32_63
                0x0000000008006d88       0x28 ./Drivers/STM32WLxx_HAL_Driver/stm32wlxx_hal_subghz.o
 .text.HAL_SUBGHZ_Init
                0x0000000008006db0       0xbc ./Drivers/STM32WLxx_HAL_Driver/stm32wlxx_hal_subghz.o
                0x0000000008006db0                HAL_SUBGHZ_Init
 .text.HAL_SUBGHZ_WriteRegisters
                0x0000000008006e6c       0xbe ./Drivers/STM32WLxx_HAL_Driver/stm32wlxx_hal_subghz.o
                0x0000000008006e6c                HAL_SUBGHZ_WriteRegisters
 .text.HAL_SUBGHZ_ReadRegisters
                0x0000000008006f2a       0xc2 ./Drivers/STM32WLxx_HAL_Driver/stm32wlxx_hal_subghz.o
                0x0000000008006f2a                HAL_SUBGHZ_ReadRegisters
 .text.HAL_SUBGHZ_ExecSetCmd
                0x0000000008006fec       0xbe ./Drivers/STM32WLxx_HAL_Driver/stm32wlxx_hal_subghz.o
                0x0000000008006fec                HAL_SUBGHZ_ExecSetCmd
 .text.HAL_SUBGHZ_ExecGetCmd
                0x00000000080070aa       0xa8 ./Drivers/STM32WLxx_HAL_Driver/stm32wlxx_hal_subghz.o
                0x00000000080070aa                HAL_SUBGHZ_ExecGetCmd
 .text.HAL_SUBGHZ_WriteBuffer
                0x0000000008007152       0xa6 ./Drivers/STM32WLxx_HAL_Driver/stm32wlxx_hal_subghz.o
                0x0000000008007152                HAL_SUBGHZ_WriteBuffer
 .text.HAL_SUBGHZ_ReadBuffer
                0x00000000080071f8       0xb0 ./Drivers/STM32WLxx_HAL_Driver/stm32wlxx_hal_subghz.o
                0x00000000080071f8                HAL_SUBGHZ_ReadBuffer
 .text.HAL_SUBGHZ_IRQHandler
                0x00000000080072a8       0xfc ./Drivers/STM32WLxx_HAL_Driver/stm32wlxx_hal_subghz.o
                0x00000000080072a8                HAL_SUBGHZ_IRQHandler
 .text.SUBGHZSPI_Init
                0x00000000080073a4       0x40 ./Drivers/STM32WLxx_HAL_Driver/stm32wlxx_hal_subghz.o
                0x00000000080073a4                SUBGHZSPI_Init
 .text.SUBGHZSPI_Transmit
                0x00000000080073e4       0xac ./Drivers/STM32WLxx_HAL_Driver/stm32wlxx_hal_subghz.o
                0x00000000080073e4                SUBGHZSPI_Transmit
 .text.SUBGHZSPI_Receive
                0x0000000008007490       0xb0 ./Drivers/STM32WLxx_HAL_Driver/stm32wlxx_hal_subghz.o
                0x0000000008007490                SUBGHZSPI_Receive
 .text.SUBGHZ_CheckDeviceReady
                0x0000000008007540       0x48 ./Drivers/STM32WLxx_HAL_Driver/stm32wlxx_hal_subghz.o
                0x0000000008007540                SUBGHZ_CheckDeviceReady
 .text.SUBGHZ_WaitOnBusy
                0x0000000008007588       0x5c ./Drivers/STM32WLxx_HAL_Driver/stm32wlxx_hal_subghz.o
                0x0000000008007588                SUBGHZ_WaitOnBusy
 .text.LL_RCC_GetUSARTClockSource
                0x00000000080075e4       0x24 ./Drivers/STM32WLxx_HAL_Driver/stm32wlxx_hal_uart.o
 .text.LL_RCC_GetLPUARTClockSource
                0x0000000008007608       0x1e ./Drivers/STM32WLxx_HAL_Driver/stm32wlxx_hal_uart.o
 .text.HAL_UART_Init
                0x0000000008007626       0xa0 ./Drivers/STM32WLxx_HAL_Driver/stm32wlxx_hal_uart.o
                0x0000000008007626                HAL_UART_Init
 *fill*         0x00000000080076c6        0x2 
 .text.HAL_UART_Receive_IT
                0x00000000080076c8       0xac ./Drivers/STM32WLxx_HAL_Driver/stm32wlxx_hal_uart.o
                0x00000000080076c8                HAL_UART_Receive_IT
 .text.HAL_UART_Transmit_DMA
                0x0000000008007774      0x124 ./Drivers/STM32WLxx_HAL_Driver/stm32wlxx_hal_uart.o
                0x0000000008007774                HAL_UART_Transmit_DMA
 .text.HAL_UART_IRQHandler
                0x0000000008007898      0x630 ./Drivers/STM32WLxx_HAL_Driver/stm32wlxx_hal_uart.o
                0x0000000008007898                HAL_UART_IRQHandler
 .text.HAL_UART_TxHalfCpltCallback
                0x0000000008007ec8       0x12 ./Drivers/STM32WLxx_HAL_Driver/stm32wlxx_hal_uart.o
                0x0000000008007ec8                HAL_UART_TxHalfCpltCallback
 .text.HAL_UART_ErrorCallback
                0x0000000008007eda       0x12 ./Drivers/STM32WLxx_HAL_Driver/stm32wlxx_hal_uart.o
                0x0000000008007eda                HAL_UART_ErrorCallback
 .text.HAL_UARTEx_RxEventCallback
                0x0000000008007eec       0x16 ./Drivers/STM32WLxx_HAL_Driver/stm32wlxx_hal_uart.o
                0x0000000008007eec                HAL_UARTEx_RxEventCallback
 *fill*         0x0000000008007f02        0x2 
 .text.UART_SetConfig
                0x0000000008007f04      0x4e8 ./Drivers/STM32WLxx_HAL_Driver/stm32wlxx_hal_uart.o
                0x0000000008007f04                UART_SetConfig
 .text.UART_AdvFeatureConfig
                0x00000000080083ec      0x142 ./Drivers/STM32WLxx_HAL_Driver/stm32wlxx_hal_uart.o
                0x00000000080083ec                UART_AdvFeatureConfig
 .text.UART_CheckIdleState
                0x000000000800852e       0x96 ./Drivers/STM32WLxx_HAL_Driver/stm32wlxx_hal_uart.o
                0x000000000800852e                UART_CheckIdleState
 .text.UART_WaitOnFlagUntilTimeout
                0x00000000080085c4      0x190 ./Drivers/STM32WLxx_HAL_Driver/stm32wlxx_hal_uart.o
                0x00000000080085c4                UART_WaitOnFlagUntilTimeout
 .text.UART_Start_Receive_IT
                0x0000000008008754      0x250 ./Drivers/STM32WLxx_HAL_Driver/stm32wlxx_hal_uart.o
                0x0000000008008754                UART_Start_Receive_IT
 .text.UART_EndTxTransfer
                0x00000000080089a4       0x80 ./Drivers/STM32WLxx_HAL_Driver/stm32wlxx_hal_uart.o
 .text.UART_EndRxTransfer
                0x0000000008008a24       0xca ./Drivers/STM32WLxx_HAL_Driver/stm32wlxx_hal_uart.o
 .text.UART_DMATransmitCplt
                0x0000000008008aee       0x9a ./Drivers/STM32WLxx_HAL_Driver/stm32wlxx_hal_uart.o
 .text.UART_DMATxHalfCplt
                0x0000000008008b88       0x1c ./Drivers/STM32WLxx_HAL_Driver/stm32wlxx_hal_uart.o
 .text.UART_DMAError
                0x0000000008008ba4       0x80 ./Drivers/STM32WLxx_HAL_Driver/stm32wlxx_hal_uart.o
 .text.UART_DMAAbortOnError
                0x0000000008008c24       0x2c ./Drivers/STM32WLxx_HAL_Driver/stm32wlxx_hal_uart.o
 .text.UART_EndTransmit_IT
                0x0000000008008c50       0x56 ./Drivers/STM32WLxx_HAL_Driver/stm32wlxx_hal_uart.o
 .text.UART_RxISR_8BIT
                0x0000000008008ca6      0x160 ./Drivers/STM32WLxx_HAL_Driver/stm32wlxx_hal_uart.o
 .text.UART_RxISR_16BIT
                0x0000000008008e06      0x160 ./Drivers/STM32WLxx_HAL_Driver/stm32wlxx_hal_uart.o
 *fill*         0x0000000008008f66        0x2 
 .text.UART_RxISR_8BIT_FIFOEN
                0x0000000008008f68      0x2f8 ./Drivers/STM32WLxx_HAL_Driver/stm32wlxx_hal_uart.o
 .text.UART_RxISR_16BIT_FIFOEN
                0x0000000008009260      0x300 ./Drivers/STM32WLxx_HAL_Driver/stm32wlxx_hal_uart.o
 .text.HAL_UARTEx_WakeupCallback
                0x0000000008009560       0x12 ./Drivers/STM32WLxx_HAL_Driver/stm32wlxx_hal_uart_ex.o
                0x0000000008009560                HAL_UARTEx_WakeupCallback
 .text.HAL_UARTEx_RxFifoFullCallback
                0x0000000008009572       0x12 ./Drivers/STM32WLxx_HAL_Driver/stm32wlxx_hal_uart_ex.o
                0x0000000008009572                HAL_UARTEx_RxFifoFullCallback
 .text.HAL_UARTEx_TxFifoEmptyCallback
                0x0000000008009584       0x12 ./Drivers/STM32WLxx_HAL_Driver/stm32wlxx_hal_uart_ex.o
                0x0000000008009584                HAL_UARTEx_TxFifoEmptyCallback
 .text.HAL_UARTEx_StopModeWakeUpSourceConfig
                0x0000000008009596       0xb6 ./Drivers/STM32WLxx_HAL_Driver/stm32wlxx_hal_uart_ex.o
                0x0000000008009596                HAL_UARTEx_StopModeWakeUpSourceConfig
 .text.HAL_UARTEx_EnableStopMode
                0x000000000800964c       0x64 ./Drivers/STM32WLxx_HAL_Driver/stm32wlxx_hal_uart_ex.o
                0x000000000800964c                HAL_UARTEx_EnableStopMode
 .text.HAL_UARTEx_EnableFifoMode
                0x00000000080096b0       0x76 ./Drivers/STM32WLxx_HAL_Driver/stm32wlxx_hal_uart_ex.o
                0x00000000080096b0                HAL_UARTEx_EnableFifoMode
 .text.HAL_UARTEx_SetTxFifoThreshold
                0x0000000008009726       0x7c ./Drivers/STM32WLxx_HAL_Driver/stm32wlxx_hal_uart_ex.o
                0x0000000008009726                HAL_UARTEx_SetTxFifoThreshold
 .text.HAL_UARTEx_SetRxFifoThreshold
                0x00000000080097a2       0x7c ./Drivers/STM32WLxx_HAL_Driver/stm32wlxx_hal_uart_ex.o
                0x00000000080097a2                HAL_UARTEx_SetRxFifoThreshold
 .text.UARTEx_Wakeup_AddressConfig
                0x000000000800981e       0x44 ./Drivers/STM32WLxx_HAL_Driver/stm32wlxx_hal_uart_ex.o
 *fill*         0x0000000008009862        0x2 
 .text.UARTEx_SetNbDataToProcess
                0x0000000008009864       0x98 ./Drivers/STM32WLxx_HAL_Driver/stm32wlxx_hal_uart_ex.o
 .text.RadioInit
                0x00000000080098fc       0xac ./Middlewares/SubGHz_Phy/radio.o
 .text.RadioGetStatus
                0x00000000080099a8       0x2e ./Middlewares/SubGHz_Phy/radio.o
 *fill*         0x00000000080099d6        0x2 
 .text.RadioSetModem
                0x00000000080099d8       0xa4 ./Middlewares/SubGHz_Phy/radio.o
 .text.RadioSetChannel
                0x0000000008009a7c       0x16 ./Middlewares/SubGHz_Phy/radio.o
 .text.RadioIsChannelFree
                0x0000000008009a92       0xb4 ./Middlewares/SubGHz_Phy/radio.o
 .text.RadioRandom
                0x0000000008009b46       0x2c ./Middlewares/SubGHz_Phy/radio.o
 *fill*         0x0000000008009b72        0x2 
 .text.RadioSetRxConfig
                0x0000000008009b74      0x420 ./Middlewares/SubGHz_Phy/radio.o
 .text.RadioSetTxConfig
                0x0000000008009f94      0x238 ./Middlewares/SubGHz_Phy/radio.o
 .text.RadioCheckRfFrequency
                0x000000000800a1cc       0x14 ./Middlewares/SubGHz_Phy/radio.o
 .text.RadioGetLoRaBandwidthInHz
                0x000000000800a1e0       0xac ./Middlewares/SubGHz_Phy/radio.o
 .text.RadioGetGfskTimeOnAirNumerator
                0x000000000800a28c       0x54 ./Middlewares/SubGHz_Phy/radio.o
 .text.RadioGetLoRaTimeOnAirNumerator
                0x000000000800a2e0      0x102 ./Middlewares/SubGHz_Phy/radio.o
 *fill*         0x000000000800a3e2        0x2 
 .text.RadioTimeOnAir
                0x000000000800a3e4       0xb0 ./Middlewares/SubGHz_Phy/radio.o
 .text.RadioSend
                0x000000000800a494      0x1f4 ./Middlewares/SubGHz_Phy/radio.o
 .text.RadioSleep
                0x000000000800a688       0x26 ./Middlewares/SubGHz_Phy/radio.o
 .text.RadioStandby
                0x000000000800a6ae        0xe ./Middlewares/SubGHz_Phy/radio.o
 .text.RadioRx  0x000000000800a6bc       0x78 ./Middlewares/SubGHz_Phy/radio.o
 .text.RadioRxBoosted
                0x000000000800a734       0x78 ./Middlewares/SubGHz_Phy/radio.o
 .text.RadioSetRxDutyCycle
                0x000000000800a7ac       0x2c ./Middlewares/SubGHz_Phy/radio.o
 .text.RadioStartCad
                0x000000000800a7d8       0x30 ./Middlewares/SubGHz_Phy/radio.o
 .text.RadioSetTxContinuousWave
                0x000000000800a808       0x58 ./Middlewares/SubGHz_Phy/radio.o
 .text.RadioRssi
                0x000000000800a860       0x1a ./Middlewares/SubGHz_Phy/radio.o
 .text.RadioWrite
                0x000000000800a87a       0x24 ./Middlewares/SubGHz_Phy/radio.o
 .text.RadioRead
                0x000000000800a89e       0x1c ./Middlewares/SubGHz_Phy/radio.o
 .text.RadioWriteRegisters
                0x000000000800a8ba       0x26 ./Middlewares/SubGHz_Phy/radio.o
 .text.RadioReadRegisters
                0x000000000800a8e0       0x26 ./Middlewares/SubGHz_Phy/radio.o
 *fill*         0x000000000800a906        0x2 
 .text.RadioSetMaxPayloadLength
                0x000000000800a908       0x5c ./Middlewares/SubGHz_Phy/radio.o
 .text.RadioSetPublicNetwork
                0x000000000800a964       0x5c ./Middlewares/SubGHz_Phy/radio.o
 .text.RadioGetWakeupTime
                0x000000000800a9c0       0x10 ./Middlewares/SubGHz_Phy/radio.o
 .text.RadioOnTxTimeoutIrq
                0x000000000800a9d0       0x14 ./Middlewares/SubGHz_Phy/radio.o
 .text.RadioOnRxTimeoutIrq
                0x000000000800a9e4       0x14 ./Middlewares/SubGHz_Phy/radio.o
 .text.RadioOnTxTimeoutProcess
                0x000000000800a9f8       0x28 ./Middlewares/SubGHz_Phy/radio.o
 .text.RadioOnRxTimeoutProcess
                0x000000000800aa20       0x28 ./Middlewares/SubGHz_Phy/radio.o
 .text.RadioOnDioIrq
                0x000000000800aa48       0x24 ./Middlewares/SubGHz_Phy/radio.o
 .text.RadioIrqProcess
                0x000000000800aa6c      0x3c8 ./Middlewares/SubGHz_Phy/radio.o
 .text.RadioTxPrbs
                0x000000000800ae34       0x38 ./Middlewares/SubGHz_Phy/radio.o
 .text.RadioTxCw
                0x000000000800ae6c       0x2e ./Middlewares/SubGHz_Phy/radio.o
 .text.payload_integration
                0x000000000800ae9a      0x120 ./Middlewares/SubGHz_Phy/radio.o
 *fill*         0x000000000800afba        0x2 
 .text.RadioSetRxGenericConfig
                0x000000000800afbc      0x3a0 ./Middlewares/SubGHz_Phy/radio.o
 .text.RadioSetTxGenericConfig
                0x000000000800b35c      0x334 ./Middlewares/SubGHz_Phy/radio.o
 .text.SUBGRF_Init
                0x000000000800b690       0x84 ./Middlewares/SubGHz_Phy/radio_driver.o
                0x000000000800b690                SUBGRF_Init
 .text.SUBGRF_GetOperatingMode
                0x000000000800b714       0x14 ./Middlewares/SubGHz_Phy/radio_driver.o
                0x000000000800b714                SUBGRF_GetOperatingMode
 .text.SUBGRF_SetPayload
                0x000000000800b728       0x20 ./Middlewares/SubGHz_Phy/radio_driver.o
                0x000000000800b728                SUBGRF_SetPayload
 .text.SUBGRF_GetPayload
                0x000000000800b748       0x44 ./Middlewares/SubGHz_Phy/radio_driver.o
                0x000000000800b748                SUBGRF_GetPayload
 .text.SUBGRF_SendPayload
                0x000000000800b78c       0x26 ./Middlewares/SubGHz_Phy/radio_driver.o
                0x000000000800b78c                SUBGRF_SendPayload
 .text.SUBGRF_SetSyncWord
                0x000000000800b7b2       0x1e ./Middlewares/SubGHz_Phy/radio_driver.o
                0x000000000800b7b2                SUBGRF_SetSyncWord
 .text.SUBGRF_SetCrcSeed
                0x000000000800b7d0       0x40 ./Middlewares/SubGHz_Phy/radio_driver.o
                0x000000000800b7d0                SUBGRF_SetCrcSeed
 .text.SUBGRF_SetCrcPolynomial
                0x000000000800b810       0x40 ./Middlewares/SubGHz_Phy/radio_driver.o
                0x000000000800b810                SUBGRF_SetCrcPolynomial
 .text.SUBGRF_SetWhiteningSeed
                0x000000000800b850       0x66 ./Middlewares/SubGHz_Phy/radio_driver.o
                0x000000000800b850                SUBGRF_SetWhiteningSeed
 .text.SUBGRF_GetRandom
                0x000000000800b8b6       0x8c ./Middlewares/SubGHz_Phy/radio_driver.o
                0x000000000800b8b6                SUBGRF_GetRandom
 *fill*         0x000000000800b942        0x2 
 .text.SUBGRF_SetSleep
                0x000000000800b944       0x64 ./Middlewares/SubGHz_Phy/radio_driver.o
                0x000000000800b944                SUBGRF_SetSleep
 .text.SUBGRF_SetStandby
                0x000000000800b9a8       0x38 ./Middlewares/SubGHz_Phy/radio_driver.o
                0x000000000800b9a8                SUBGRF_SetStandby
 .text.SUBGRF_SetTx
                0x000000000800b9e0       0x40 ./Middlewares/SubGHz_Phy/radio_driver.o
                0x000000000800b9e0                SUBGRF_SetTx
 .text.SUBGRF_SetRx
                0x000000000800ba20       0x40 ./Middlewares/SubGHz_Phy/radio_driver.o
                0x000000000800ba20                SUBGRF_SetRx
 .text.SUBGRF_SetRxBoosted
                0x000000000800ba60       0x48 ./Middlewares/SubGHz_Phy/radio_driver.o
                0x000000000800ba60                SUBGRF_SetRxBoosted
 .text.SUBGRF_SetRxDutyCycle
                0x000000000800baa8       0x58 ./Middlewares/SubGHz_Phy/radio_driver.o
                0x000000000800baa8                SUBGRF_SetRxDutyCycle
 .text.SUBGRF_SetCad
                0x000000000800bb00       0x1c ./Middlewares/SubGHz_Phy/radio_driver.o
                0x000000000800bb00                SUBGRF_SetCad
 .text.SUBGRF_SetTxContinuousWave
                0x000000000800bb1c       0x12 ./Middlewares/SubGHz_Phy/radio_driver.o
                0x000000000800bb1c                SUBGRF_SetTxContinuousWave
 .text.SUBGRF_SetTxInfinitePreamble
                0x000000000800bb2e       0x12 ./Middlewares/SubGHz_Phy/radio_driver.o
                0x000000000800bb2e                SUBGRF_SetTxInfinitePreamble
 .text.SUBGRF_SetStopRxTimerOnPreambleDetect
                0x000000000800bb40       0x1e ./Middlewares/SubGHz_Phy/radio_driver.o
                0x000000000800bb40                SUBGRF_SetStopRxTimerOnPreambleDetect
 .text.SUBGRF_SetLoRaSymbNumTimeout
                0x000000000800bb5e       0x5e ./Middlewares/SubGHz_Phy/radio_driver.o
                0x000000000800bb5e                SUBGRF_SetLoRaSymbNumTimeout
 .text.SUBGRF_SetRegulatorMode
                0x000000000800bbbc       0x2e ./Middlewares/SubGHz_Phy/radio_driver.o
                0x000000000800bbbc                SUBGRF_SetRegulatorMode
 .text.SUBGRF_Calibrate
                0x000000000800bbea       0x8c ./Middlewares/SubGHz_Phy/radio_driver.o
                0x000000000800bbea                SUBGRF_Calibrate
 *fill*         0x000000000800bc76        0x2 
 .text.SUBGRF_CalibrateImage
                0x000000000800bc78       0x8c ./Middlewares/SubGHz_Phy/radio_driver.o
                0x000000000800bc78                SUBGRF_CalibrateImage
 .text.SUBGRF_SetPaConfig
                0x000000000800bd04       0x44 ./Middlewares/SubGHz_Phy/radio_driver.o
                0x000000000800bd04                SUBGRF_SetPaConfig
 .text.SUBGRF_SetDioIrqParams
                0x000000000800bd48       0x74 ./Middlewares/SubGHz_Phy/radio_driver.o
                0x000000000800bd48                SUBGRF_SetDioIrqParams
 .text.SUBGRF_SetTcxoMode
                0x000000000800bdbc       0x42 ./Middlewares/SubGHz_Phy/radio_driver.o
                0x000000000800bdbc                SUBGRF_SetTcxoMode
 *fill*         0x000000000800bdfe        0x2 
 .text.SUBGRF_SetRfFrequency
                0x000000000800be00       0x8c ./Middlewares/SubGHz_Phy/radio_driver.o
                0x000000000800be00                SUBGRF_SetRfFrequency
 .text.SUBGRF_SetPacketType
                0x000000000800be8c       0x38 ./Middlewares/SubGHz_Phy/radio_driver.o
                0x000000000800be8c                SUBGRF_SetPacketType
 .text.SUBGRF_GetPacketType
                0x000000000800bec4       0x14 ./Middlewares/SubGHz_Phy/radio_driver.o
                0x000000000800bec4                SUBGRF_GetPacketType
 .text.SUBGRF_SetTxParams
                0x000000000800bed8       0xcc ./Middlewares/SubGHz_Phy/radio_driver.o
                0x000000000800bed8                SUBGRF_SetTxParams
 .text.SUBGRF_SetModulationParams
                0x000000000800bfa4      0x1a4 ./Middlewares/SubGHz_Phy/radio_driver.o
                0x000000000800bfa4                SUBGRF_SetModulationParams
 .text.SUBGRF_SetPacketParams
                0x000000000800c148      0x13c ./Middlewares/SubGHz_Phy/radio_driver.o
                0x000000000800c148                SUBGRF_SetPacketParams
 .text.SUBGRF_SetBufferBaseAddress
                0x000000000800c284       0x2e ./Middlewares/SubGHz_Phy/radio_driver.o
                0x000000000800c284                SUBGRF_SetBufferBaseAddress
 .text.SUBGRF_GetRssiInst
                0x000000000800c2b2       0x2a ./Middlewares/SubGHz_Phy/radio_driver.o
                0x000000000800c2b2                SUBGRF_GetRssiInst
 .text.SUBGRF_GetRxBufferStatus
                0x000000000800c2dc       0x58 ./Middlewares/SubGHz_Phy/radio_driver.o
                0x000000000800c2dc                SUBGRF_GetRxBufferStatus
 .text.SUBGRF_GetPacketStatus
                0x000000000800c334       0xa4 ./Middlewares/SubGHz_Phy/radio_driver.o
                0x000000000800c334                SUBGRF_GetPacketStatus
 .text.SUBGRF_WriteRegister
                0x000000000800c3d8       0x28 ./Middlewares/SubGHz_Phy/radio_driver.o
                0x000000000800c3d8                SUBGRF_WriteRegister
 .text.SUBGRF_ReadRegister
                0x000000000800c400       0x28 ./Middlewares/SubGHz_Phy/radio_driver.o
                0x000000000800c400                SUBGRF_ReadRegister
 .text.SUBGRF_WriteRegisters
                0x000000000800c428       0x44 ./Middlewares/SubGHz_Phy/radio_driver.o
                0x000000000800c428                SUBGRF_WriteRegisters
 .text.SUBGRF_ReadRegisters
                0x000000000800c46c       0x44 ./Middlewares/SubGHz_Phy/radio_driver.o
                0x000000000800c46c                SUBGRF_ReadRegisters
 .text.SUBGRF_WriteBuffer
                0x000000000800c4b0       0x44 ./Middlewares/SubGHz_Phy/radio_driver.o
                0x000000000800c4b0                SUBGRF_WriteBuffer
 .text.SUBGRF_ReadBuffer
                0x000000000800c4f4       0x44 ./Middlewares/SubGHz_Phy/radio_driver.o
                0x000000000800c4f4                SUBGRF_ReadBuffer
 .text.SUBGRF_WriteCommand
                0x000000000800c538       0x44 ./Middlewares/SubGHz_Phy/radio_driver.o
 .text.SUBGRF_ReadCommand
                0x000000000800c57c       0x44 ./Middlewares/SubGHz_Phy/radio_driver.o
 .text.SUBGRF_SetSwitch
                0x000000000800c5c0       0x50 ./Middlewares/SubGHz_Phy/radio_driver.o
                0x000000000800c5c0                SUBGRF_SetSwitch
 .text.SUBGRF_SetRfTxPower
                0x000000000800c610       0x68 ./Middlewares/SubGHz_Phy/radio_driver.o
                0x000000000800c610                SUBGRF_SetRfTxPower
 .text.SUBGRF_GetRadioWakeUpTime
                0x000000000800c678        0xe ./Middlewares/SubGHz_Phy/radio_driver.o
                0x000000000800c678                SUBGRF_GetRadioWakeUpTime
 *fill*         0x000000000800c686        0x2 
 .text.HAL_SUBGHZ_TxCpltCallback
                0x000000000800c688       0x1c ./Middlewares/SubGHz_Phy/radio_driver.o
                0x000000000800c688                HAL_SUBGHZ_TxCpltCallback
 .text.HAL_SUBGHZ_RxCpltCallback
                0x000000000800c6a4       0x1c ./Middlewares/SubGHz_Phy/radio_driver.o
                0x000000000800c6a4                HAL_SUBGHZ_RxCpltCallback
 .text.HAL_SUBGHZ_CRCErrorCallback
                0x000000000800c6c0       0x1c ./Middlewares/SubGHz_Phy/radio_driver.o
                0x000000000800c6c0                HAL_SUBGHZ_CRCErrorCallback
 .text.HAL_SUBGHZ_CADStatusCallback
                0x000000000800c6dc       0x3c ./Middlewares/SubGHz_Phy/radio_driver.o
                0x000000000800c6dc                HAL_SUBGHZ_CADStatusCallback
 .text.HAL_SUBGHZ_RxTxTimeoutCallback
                0x000000000800c718       0x20 ./Middlewares/SubGHz_Phy/radio_driver.o
                0x000000000800c718                HAL_SUBGHZ_RxTxTimeoutCallback
 .text.HAL_SUBGHZ_HeaderErrorCallback
                0x000000000800c738       0x1c ./Middlewares/SubGHz_Phy/radio_driver.o
                0x000000000800c738                HAL_SUBGHZ_HeaderErrorCallback
 .text.HAL_SUBGHZ_PreambleDetectedCallback
                0x000000000800c754       0x1c ./Middlewares/SubGHz_Phy/radio_driver.o
                0x000000000800c754                HAL_SUBGHZ_PreambleDetectedCallback
 .text.HAL_SUBGHZ_SyncWordValidCallback
                0x000000000800c770       0x1c ./Middlewares/SubGHz_Phy/radio_driver.o
                0x000000000800c770                HAL_SUBGHZ_SyncWordValidCallback
 .text.HAL_SUBGHZ_HeaderValidCallback
                0x000000000800c78c       0x1c ./Middlewares/SubGHz_Phy/radio_driver.o
                0x000000000800c78c                HAL_SUBGHZ_HeaderValidCallback
 .text.Radio_SMPS_Set
                0x000000000800c7a8       0x42 ./Middlewares/SubGHz_Phy/radio_driver.o
 *fill*         0x000000000800c7ea        0x2 
 .text.SUBGRF_GetFskBandwidthRegValue
                0x000000000800c7ec       0x50 ./Middlewares/SubGHz_Phy/radio_driver.o
                0x000000000800c7ec                SUBGRF_GetFskBandwidthRegValue
 .text.SUBGRF_GetCFO
                0x000000000800c83c       0xe8 ./Middlewares/SubGHz_Phy/radio_driver.o
                0x000000000800c83c                SUBGRF_GetCFO
 .text.RFW_TransmitLongPacket
                0x000000000800c924       0x24 ./Middlewares/SubGHz_Phy/radio_fw.o
                0x000000000800c924                RFW_TransmitLongPacket
 .text.RFW_ReceiveLongPacket
                0x000000000800c948       0x24 ./Middlewares/SubGHz_Phy/radio_fw.o
                0x000000000800c948                RFW_ReceiveLongPacket
 .text.RFW_Init
                0x000000000800c96c       0x1a ./Middlewares/SubGHz_Phy/radio_fw.o
                0x000000000800c96c                RFW_Init
 .text.RFW_DeInit
                0x000000000800c986        0xc ./Middlewares/SubGHz_Phy/radio_fw.o
                0x000000000800c986                RFW_DeInit
 .text.RFW_Is_Init
                0x000000000800c992        0xe ./Middlewares/SubGHz_Phy/radio_fw.o
                0x000000000800c992                RFW_Is_Init
 .text.RFW_Is_LongPacketModeEnabled
                0x000000000800c9a0        0xe ./Middlewares/SubGHz_Phy/radio_fw.o
                0x000000000800c9a0                RFW_Is_LongPacketModeEnabled
 .text.RFW_SetAntSwitch
                0x000000000800c9ae       0x14 ./Middlewares/SubGHz_Phy/radio_fw.o
                0x000000000800c9ae                RFW_SetAntSwitch
 .text.RFW_TransmitInit
                0x000000000800c9c2       0x20 ./Middlewares/SubGHz_Phy/radio_fw.o
                0x000000000800c9c2                RFW_TransmitInit
 .text.RFW_ReceiveInit
                0x000000000800c9e2       0x10 ./Middlewares/SubGHz_Phy/radio_fw.o
                0x000000000800c9e2                RFW_ReceiveInit
 .text.RFW_DeInit_TxLongPacket
                0x000000000800c9f2        0xc ./Middlewares/SubGHz_Phy/radio_fw.o
                0x000000000800c9f2                RFW_DeInit_TxLongPacket
 .text.RFW_ReceivePayload
                0x000000000800c9fe        0xc ./Middlewares/SubGHz_Phy/radio_fw.o
                0x000000000800c9fe                RFW_ReceivePayload
 .text.RFW_SetRadioModem
                0x000000000800ca0a       0x14 ./Middlewares/SubGHz_Phy/radio_fw.o
                0x000000000800ca0a                RFW_SetRadioModem
 *fill*         0x000000000800ca1e        0x2 
 .text.UTIL_ADV_TRACE_Init
                0x000000000800ca20       0x38 ./Utilities/stm32_adv_trace.o
                0x000000000800ca20                UTIL_ADV_TRACE_Init
 .text.UTIL_ADV_TRACE_COND_FSend
                0x000000000800ca58      0x100 ./Utilities/stm32_adv_trace.o
                0x000000000800ca58                UTIL_ADV_TRACE_COND_FSend
 .text.UTIL_ADV_TRACE_RegisterTimeStampFunction
                0x000000000800cb58       0x1c ./Utilities/stm32_adv_trace.o
                0x000000000800cb58                UTIL_ADV_TRACE_RegisterTimeStampFunction
 .text.UTIL_ADV_TRACE_SetVerboseLevel
                0x000000000800cb74       0x20 ./Utilities/stm32_adv_trace.o
                0x000000000800cb74                UTIL_ADV_TRACE_SetVerboseLevel
 .text.TRACE_Send
                0x000000000800cb94      0x108 ./Utilities/stm32_adv_trace.o
 .text.TRACE_TxCpltCallback
                0x000000000800cc9c      0x118 ./Utilities/stm32_adv_trace.o
 .text.TRACE_AllocateBufer
                0x000000000800cdb4       0xfc ./Utilities/stm32_adv_trace.o
 .text.TRACE_Lock
                0x000000000800ceb0       0x3c ./Utilities/stm32_adv_trace.o
 .text.TRACE_UnLock
                0x000000000800ceec       0x3c ./Utilities/stm32_adv_trace.o
 .text.TRACE_IsLocked
                0x000000000800cf28       0x20 ./Utilities/stm32_adv_trace.o
 .text.UTIL_LPM_Init
                0x000000000800cf48       0x20 ./Utilities/stm32_lpm.o
                0x000000000800cf48                UTIL_LPM_Init
 .text.UTIL_LPM_SetStopMode
                0x000000000800cf68       0x60 ./Utilities/stm32_lpm.o
                0x000000000800cf68                UTIL_LPM_SetStopMode
 .text.UTIL_LPM_SetOffMode
                0x000000000800cfc8       0x60 ./Utilities/stm32_lpm.o
                0x000000000800cfc8                UTIL_LPM_SetOffMode
 .text.UTIL_LPM_EnterLowPower
                0x000000000800d028       0x6c ./Utilities/stm32_lpm.o
                0x000000000800d028                UTIL_LPM_EnterLowPower
 .text.UTIL_MEM_set_8
                0x000000000800d094       0x36 ./Utilities/stm32_mem.o
                0x000000000800d094                UTIL_MEM_set_8
 *fill*         0x000000000800d0ca        0x2 
 .text.UTIL_SEQ_Run
                0x000000000800d0cc      0x1f8 ./Utilities/stm32_seq.o
                0x000000000800d0cc                UTIL_SEQ_Run
 .text.UTIL_SEQ_RegTask
                0x000000000800d2c4       0x44 ./Utilities/stm32_seq.o
                0x000000000800d2c4                UTIL_SEQ_RegTask
 .text.UTIL_SEQ_SetTask
                0x000000000800d308       0x58 ./Utilities/stm32_seq.o
                0x000000000800d308                UTIL_SEQ_SetTask
 .text.UTIL_SEQ_PreIdle
                0x000000000800d360        0xc ./Utilities/stm32_seq.o
                0x000000000800d360                UTIL_SEQ_PreIdle
 .text.UTIL_SEQ_PostIdle
                0x000000000800d36c        0xc ./Utilities/stm32_seq.o
                0x000000000800d36c                UTIL_SEQ_PostIdle
 .text.SEQ_BitPosition
                0x000000000800d378       0x74 ./Utilities/stm32_seq.o
                0x000000000800d378                SEQ_BitPosition
 .text.SysTimeAdd
                0x000000000800d3ec       0x72 ./Utilities/stm32_systime.o
                0x000000000800d3ec                SysTimeAdd