../../Drivers/STM32WLxx_HAL_Driver/Inc/stm32wlxx_ll_bus.h:449:22:LL_AHB2_GRP1_EnableClock	24	static
../../Drivers/STM32WLxx_HAL_Driver/Inc/stm32wlxx_ll_bus.h:489:22:LL_AHB2_GRP1_DisableClock	16	static
D:/Studium_Software/Projektarbeit/_Final_Slave_Light/Drivers/BSP/STM32WLxx_LoRa_E5_mini/stm32wlxx_LoRa_E5_mini_radio.c:46:9:BSP_RADIO_Init	32	static
D:/Studium_Software/Projektarbeit/_Final_Slave_Light/Drivers/BSP/STM32WLxx_LoRa_E5_mini/stm32wlxx_LoRa_E5_mini_radio.c:74:9:BSP_RADIO_DeInit	8	static
D:/Studium_Software/Projektarbeit/_Final_Slave_Light/Drivers/BSP/STM32WLxx_LoRa_E5_mini/stm32wlxx_LoRa_E5_mini_radio.c:99:9:BSP_RADIO_ConfigRFSwitch	16	static
D:/Studium_Software/Projektarbeit/_Final_Slave_Light/Drivers/BSP/STM32WLxx_LoRa_E5_mini/stm32wlxx_LoRa_E5_mini_radio.c:145:9:BSP_RADIO_GetTxConfig	4	static
D:/Studium_Software/Projektarbeit/_Final_Slave_Light/Drivers/BSP/STM32WLxx_LoRa_E5_mini/stm32wlxx_LoRa_E5_mini_radio.c:157:9:BSP_RADIO_IsTCXO	4	static
D:/Studium_Software/Projektarbeit/_Final_Slave_Light/Drivers/BSP/STM32WLxx_LoRa_E5_mini/stm32wlxx_LoRa_E5_mini_radio.c:169:9:BSP_RADIO_IsDCDC	4	static
