D:/Studium_Software/Projektarbeit/_Final_Slave_Light/SubGHz_Phy/App/subghz_phy_app.c:163:6:SubghzApp_Init	56	static
D:/Studium_Software/Projektarbeit/_Final_Slave_Light/SubGHz_Phy/App/subghz_phy_app.c:238:13:OnTxDone	4	static
D:/Studium_Software/Projektarbeit/_Final_Slave_Light/SubGHz_Phy/App/subghz_phy_app.c:245:13:OnRxDone	24	static
D:/Studium_Software/Projektarbeit/_Final_Slave_Light/SubGHz_Phy/App/subghz_phy_app.c:269:13:OnTxTimeout	4	static
D:/Studium_Software/Projektarbeit/_Final_Slave_Light/SubGHz_Phy/App/subghz_phy_app.c:276:13:OnRxTimeout	4	static
D:/Studium_Software/Projektarbeit/_Final_Slave_Light/SubGHz_Phy/App/subghz_phy_app.c:283:13:OnRxError	4	static
D:/Studium_Software/Projektarbeit/_Final_Slave_Light/SubGHz_Phy/App/subghz_phy_app.c:291:13:ConfigModeIdle	24	static
D:/Studium_Software/Projektarbeit/_Final_Slave_Light/SubGHz_Phy/App/subghz_phy_app.c:338:13:SyncedWakeup	24	static
D:/Studium_Software/Projektarbeit/_Final_Slave_Light/SubGHz_Phy/App/subghz_phy_app.c:379:13:answerMasterSync	16	static
D:/Studium_Software/Projektarbeit/_Final_Slave_Light/SubGHz_Phy/App/subghz_phy_app.c:409:13:answerMasterSleep	8	static
D:/Studium_Software/Projektarbeit/_Final_Slave_Light/SubGHz_Phy/App/subghz_phy_app.c:431:13:answerMasterTrapPoll	8	static
D:/Studium_Software/Projektarbeit/_Final_Slave_Light/SubGHz_Phy/App/subghz_phy_app.c:454:13:OnledConfIdleEvent	16	static
D:/Studium_Software/Projektarbeit/_Final_Slave_Light/SubGHz_Phy/App/subghz_phy_app.c:459:13:timerSleepWakeupEvent	16	static
D:/Studium_Software/Projektarbeit/_Final_Slave_Light/SubGHz_Phy/App/subghz_phy_app.c:472:13:onwakeuptimeover	16	static
