../../Drivers/STM32WLxx_HAL_Driver/Inc/stm32wlxx_ll_bus.h:449:22:LL_AHB2_GRP1_EnableClock	24	static
../../Drivers/STM32WLxx_HAL_Driver/Inc/stm32wlxx_ll_bus.h:1303:22:LL_APB2_GRP1_EnableClock	24	static
../../Drivers/STM32WLxx_HAL_Driver/Inc/stm32wlxx_ll_bus.h:1351:22:LL_APB2_GRP1_DisableClock	16	static
D:/Studium_Software/Projektarbeit/_Final_Slave_Light/Core/Src/usart.c:32:6:MX_USART1_UART_Init	8	static
D:/Studium_Software/Projektarbeit/_Final_Slave_Light/Core/Src/usart.c:75:6:HAL_UART_MspInit	96	static
D:/Studium_Software/Projektarbeit/_Final_Slave_Light/Core/Src/usart.c:137:6:HAL_UART_MspDeInit	16	static
